Archive member included to satisfy reference by file (symbol)

C:/Users/User/.pico-sdk/toolchain/13_3_Rel1/bin/../lib/gcc/arm-none-eabi/13.3.1/thumb/v6-m/nofp\libgcc.a(_dvmd_tls.o)
                              CMakeFiles/teclado_matricial.dir/C_/Users/User/.pico-sdk/sdk/2.1.0/src/rp2_common/pico_divider/divider_hardware.S.obj (__aeabi_idiv0)
C:/Users/User/.pico-sdk/toolchain/13_3_Rel1/bin/../lib/gcc/arm-none-eabi/13.3.1/thumb/v6-m/nofp\libg.a(libc_a-calloc.o)
                              CMakeFiles/teclado_matricial.dir/C_/Users/User/.pico-sdk/sdk/2.1.0/src/rp2_common/pico_malloc/malloc.c.obj (calloc)
C:/Users/User/.pico-sdk/toolchain/13_3_Rel1/bin/../lib/gcc/arm-none-eabi/13.3.1/thumb/v6-m/nofp\libg.a(libc_a-callocr.o)
                              C:/Users/User/.pico-sdk/toolchain/13_3_Rel1/bin/../lib/gcc/arm-none-eabi/13.3.1/thumb/v6-m/nofp\libg.a(libc_a-calloc.o) (_calloc_r)
C:/Users/User/.pico-sdk/toolchain/13_3_Rel1/bin/../lib/gcc/arm-none-eabi/13.3.1/thumb/v6-m/nofp\libg.a(libc_a-malloc.o)
                              CMakeFiles/teclado_matricial.dir/C_/Users/User/.pico-sdk/sdk/2.1.0/src/rp2_common/pico_malloc/malloc.c.obj (malloc)
C:/Users/User/.pico-sdk/toolchain/13_3_Rel1/bin/../lib/gcc/arm-none-eabi/13.3.1/thumb/v6-m/nofp\libg.a(libc_a-mallocr.o)
                              C:/Users/User/.pico-sdk/toolchain/13_3_Rel1/bin/../lib/gcc/arm-none-eabi/13.3.1/thumb/v6-m/nofp\libg.a(libc_a-callocr.o) (_malloc_r)
C:/Users/User/.pico-sdk/toolchain/13_3_Rel1/bin/../lib/gcc/arm-none-eabi/13.3.1/thumb/v6-m/nofp\libg.a(libc_a-mlock.o)
                              C:/Users/User/.pico-sdk/toolchain/13_3_Rel1/bin/../lib/gcc/arm-none-eabi/13.3.1/thumb/v6-m/nofp\libg.a(libc_a-mallocr.o) (__malloc_lock)
C:/Users/User/.pico-sdk/toolchain/13_3_Rel1/bin/../lib/gcc/arm-none-eabi/13.3.1/thumb/v6-m/nofp\libg.a(libc_a-realloc.o)
                              CMakeFiles/teclado_matricial.dir/C_/Users/User/.pico-sdk/sdk/2.1.0/src/rp2_common/pico_malloc/malloc.c.obj (realloc)
C:/Users/User/.pico-sdk/toolchain/13_3_Rel1/bin/../lib/gcc/arm-none-eabi/13.3.1/thumb/v6-m/nofp\libg.a(libc_a-reallocr.o)
                              C:/Users/User/.pico-sdk/toolchain/13_3_Rel1/bin/../lib/gcc/arm-none-eabi/13.3.1/thumb/v6-m/nofp\libg.a(libc_a-realloc.o) (_realloc_r)
C:/Users/User/.pico-sdk/toolchain/13_3_Rel1/bin/../lib/gcc/arm-none-eabi/13.3.1/thumb/v6-m/nofp\libg.a(libc_a-memcmp.o)
                              CMakeFiles/teclado_matricial.dir/C_/Users/User/.pico-sdk/sdk/2.1.0/src/rp2_common/pico_atomic/atomic.c.obj (memcmp)
C:/Users/User/.pico-sdk/toolchain/13_3_Rel1/bin/../lib/gcc/arm-none-eabi/13.3.1/thumb/v6-m/nofp\libg.a(libc_a-memmove.o)
                              C:/Users/User/.pico-sdk/toolchain/13_3_Rel1/bin/../lib/gcc/arm-none-eabi/13.3.1/thumb/v6-m/nofp\libg.a(libc_a-reallocr.o) (memmove)
C:/Users/User/.pico-sdk/toolchain/13_3_Rel1/bin/../lib/gcc/arm-none-eabi/13.3.1/thumb/v6-m/nofp\libg.a(libc_a-lcltime_r.o)
                              CMakeFiles/teclado_matricial.dir/C_/Users/User/.pico-sdk/sdk/2.1.0/src/common/pico_util/datetime.c.obj (localtime_r)
C:/Users/User/.pico-sdk/toolchain/13_3_Rel1/bin/../lib/gcc/arm-none-eabi/13.3.1/thumb/v6-m/nofp\libg.a(libc_a-mktime.o)
                              CMakeFiles/teclado_matricial.dir/C_/Users/User/.pico-sdk/sdk/2.1.0/src/common/pico_util/datetime.c.obj (mktime)
C:/Users/User/.pico-sdk/toolchain/13_3_Rel1/bin/../lib/gcc/arm-none-eabi/13.3.1/thumb/v6-m/nofp\libg.a(libc_a-month_lengths.o)
                              C:/Users/User/.pico-sdk/toolchain/13_3_Rel1/bin/../lib/gcc/arm-none-eabi/13.3.1/thumb/v6-m/nofp\libg.a(libc_a-lcltime_r.o) (__month_lengths)
C:/Users/User/.pico-sdk/toolchain/13_3_Rel1/bin/../lib/gcc/arm-none-eabi/13.3.1/thumb/v6-m/nofp\libg.a(libc_a-tzcalc_limits.o)
                              C:/Users/User/.pico-sdk/toolchain/13_3_Rel1/bin/../lib/gcc/arm-none-eabi/13.3.1/thumb/v6-m/nofp\libg.a(libc_a-lcltime_r.o) (__tzcalc_limits)
C:/Users/User/.pico-sdk/toolchain/13_3_Rel1/bin/../lib/gcc/arm-none-eabi/13.3.1/thumb/v6-m/nofp\libg.a(libc_a-tzlock.o)
                              C:/Users/User/.pico-sdk/toolchain/13_3_Rel1/bin/../lib/gcc/arm-none-eabi/13.3.1/thumb/v6-m/nofp\libg.a(libc_a-lcltime_r.o) (__tz_lock)
C:/Users/User/.pico-sdk/toolchain/13_3_Rel1/bin/../lib/gcc/arm-none-eabi/13.3.1/thumb/v6-m/nofp\libg.a(libc_a-tzset.o)
                              C:/Users/User/.pico-sdk/toolchain/13_3_Rel1/bin/../lib/gcc/arm-none-eabi/13.3.1/thumb/v6-m/nofp\libg.a(libc_a-lcltime_r.o) (_tzset_unlocked)
C:/Users/User/.pico-sdk/toolchain/13_3_Rel1/bin/../lib/gcc/arm-none-eabi/13.3.1/thumb/v6-m/nofp\libg.a(libc_a-tzset_r.o)
                              C:/Users/User/.pico-sdk/toolchain/13_3_Rel1/bin/../lib/gcc/arm-none-eabi/13.3.1/thumb/v6-m/nofp\libg.a(libc_a-tzset.o) (_tzset_unlocked_r)
C:/Users/User/.pico-sdk/toolchain/13_3_Rel1/bin/../lib/gcc/arm-none-eabi/13.3.1/thumb/v6-m/nofp\libg.a(libc_a-tzvars.o)
[...]
Memory Configuration

Name             Origin             Length             Attributes
FLASH            0x10000000         0x00200000         xr
RAM              0x20000000         0x00040000         xrw
SCRATCH_X        0x20040000         0x00001000         xrw
SCRATCH_Y        0x20041000         0x00001000         xrw
*default*        0x00000000         0xffffffff

Linker script and memory map

LOAD C:/Users/User/.pico-sdk/toolchain/13_3_Rel1/bin/../lib/gcc/arm-none-eabi/13.3.1/thumb/v6-m/nofp/crti.o
LOAD C:/Users/User/.pico-sdk/toolchain/13_3_Rel1/bin/../lib/gcc/arm-none-eabi/13.3.1/thumb/v6-m/nofp/crtbegin.o
LOAD C:/Users/User/.pico-sdk/toolchain/13_3_Rel1/bin/../lib/gcc/arm-none-eabi/13.3.1/thumb/v6-m/nofp/crt0.o

.flash_begin    0x10000000        0x0
                0x10000000                        __flash_binary_start = .

.boot2          0x10000000      0x100
                0x10000000                        __boot2_start__ = .
 *(.boot2)
 .boot2         0x10000000      0x100 pico-sdk/src/rp2040/boot_stage2/CMakeFiles/bs2_default_library.dir/./bs2_default_padded_checksummed.S.obj
                0x10000100                        __boot2_end__ = .
                0x00000001                        ASSERT (((__boot2_end__ - __boot2_start__) == 0x100), ERROR: Pico second stage bootloader must be 256 bytes in size)

.text           0x10000100     0x3b90
                0x10000100                        __logical_binary_start = .
 *(.vectors)
 .vectors       0x10000100       0xd4 CMakeFiles/teclado_matricial.dir/C_/Users/User/.pico-sdk/sdk/2.1.0/src/rp2_common/pico_crt0/crt0.S.obj
                0x10000100                __VECTOR_TABLE
                0x10000100                __vectors
                0x100001c0                isr_invalid
                0x100001c0                __default_isrs_start
                0x100001c2                isr_nmi
                0x100001c4                isr_hardfault
                0x100001c6                isr_svcall
                0x100001c8                isr_pendsv
                0x100001ca                isr_systick
                0x100001cc                isr_irq23
                0x100001cc                isr_irq18
                0x100001cc                isr_irq11
                0x100001cc                isr_irq28
                0x100001cc                isr_irq19
                0x100001cc                isr_irq0
                0x100001cc                isr_irq6
                0x100001cc                isr_irq5
                0x100001cc                isr_irq12
                0x100001cc                isr_irq22
                0x100001cc                isr_irq31
                0x100001cc                isr_irq17
                0x100001cc                isr_irq27
                0x100001cc                isr_irq30
                0x100001cc                isr_irq2
                0x100001cc                isr_irq10
                0x100001cc                isr_irq8
                0x100001cc                isr_irq24
                0x100001cc                isr_irq1
                0x100001cc                isr_irq7
                0x100001cc                isr_irq21
                0x100001cc                isr_irq20
                0x100001cc                isr_irq15
                0x100001cc                isr_irq25
                0x100001cc                isr_irq13
                0x100001cc                __unhandled_user_irq
                0x100001cc                isr_irq4
                0x100001cc                isr_irq16
                0x100001cc                isr_irq29
                0x100001cc                isr_irq26
                0x100001cc                __default_isrs_end
                0x100001cc                isr_irq3
                0x100001cc                isr_irq14
                0x100001cc                isr_irq9
                0x100001d2                unhandled_user_irq_num_in_r0
 *(.binary_info_header)
 .binary_info_header
                0x100001d4       0x14 CMakeFiles/teclado_matricial.dir/C_/Users/User/.pico-sdk/sdk/2.1.0/src/rp2_common/pico_crt0/crt0.S.obj
                0x100001e8                        __binary_info_header_end = .
 *(.embedded_block)
                0x100001e8                        __embedded_block_end = .
 *(.reset)
 .reset         0x100001e8       0x9c CMakeFiles/teclado_matricial.dir/C_/Users/User/.pico-sdk/sdk/2.1.0/src/rp2_common/pico_crt0/crt0.S.obj
                0x100001e8                _entry_point
 *(.init)
 .init          0x10000284        0x4 C:/Users/User/.pico-sdk/toolchain/13_3_Rel1/bin/../lib/gcc/arm-none-eabi/13.3.1/thumb/v6-m/nofp/crti.o
                0x10000284                _init
 *(EXCLUDE_FILE(*libm.a: *libc.a:*lib_a-mem*.o *libgcc.a:) .text*)
 .text.register_tm_clones
                0x10000288       0x28 C:/Users/User/.pico-sdk/toolchain/13_3_Rel1/bin/../lib/gcc/arm-none-eabi/13.3.1/thumb/v6-m/nofp/crtbegin.o
 .text.frame_dummy
                0x100002b0       0x24 C:/Users/User/.pico-sdk/toolchain/13_3_Rel1/bin/../lib/gcc/arm-none-eabi/13.3.1/thumb/v6-m/nofp/crtbegin.o
 .text.init_pins
                0x100002d4       0xe8 CMakeFiles/teclado_matricial.dir/teclado_matricial.c.obj
                0x100002d4                init_pins
 .text.beep_buzzer
                0x100003bc       0x60 CMakeFiles/teclado_matricial.dir/teclado_matricial.c.obj
                0x100003bc                beep_buzzer
 .text.startup.main
                0x1000041c      0x4e8 CMakeFiles/teclado_matricial.dir/teclado_matricial.c.obj
                0x1000041c                main
 .text.gpio_set_function
                0x10000904       0x34 CMakeFiles/teclado_matricial.dir/C_/Users/User/.pico-sdk/sdk/2.1.0/src/rp2_common/hardware_gpio/gpio.c.obj
                0x10000904                gpio_set_function
 .text.gpio_set_pulls
                0x10000938       0x28 CMakeFiles/teclado_matricial.dir/C_/Users/User/.pico-sdk/sdk/2.1.0/src/rp2_common/hardware_gpio/gpio.c.obj
                0x10000938                gpio_set_pulls
 .text.gpio_init
                0x10000960       0x40 CMakeFiles/teclado_matricial.dir/C_/Users/User/.pico-sdk/sdk/2.1.0/src/rp2_common/hardware_gpio/gpio.c.obj
                0x10000960                gpio_init
 .text.panic    0x100009a0       0x30 CMakeFiles/teclado_matricial.dir/C_/Users/User/.pico-sdk/sdk/2.1.0/src/rp2_common/pico_platform_panic/panic.c.obj
                0x100009a0                panic
 .text.hw_claim_or_assert
                0x100009d0       0x44 CMakeFiles/teclado_matricial.dir/C_/Users/User/.pico-sdk/sdk/2.1.0/src/common/hardware_claim/claim.c.obj
                0x100009d0                hw_claim_or_assert
 .text.next_striped_spin_lock_num
                0x10000a14       0x18 CMakeFiles/teclado_matricial.dir/C_/Users/User/.pico-sdk/sdk/2.1.0/src/rp2_common/hardware_sync/sync.c.obj
                0x10000a14                next_striped_spin_lock_num
 .text.spin_locks_reset
                0x10000a2c       0x1c CMakeFiles/teclado_matricial.dir/C_/Users/User/.pico-sdk/sdk/2.1.0/src/rp2_common/hardware_sync_spin_lock/sync_spin_lock.c.obj
                0x10000a2c                spin_locks_reset
 .text.runtime_init_per_core_irq_priorities
                0x10000a48       0x24 CMakeFiles/teclado_matricial.dir/C_/Users/User/.pico-sdk/sdk/2.1.0/src/rp2_common/hardware_irq/irq.c.obj
                0x10000a48                runtime_init_per_core_irq_priorities
 .text.irq_set_enabled
                0x10000a6c       0x24 CMakeFiles/teclado_matricial.dir/C_/Users/User/.pico-sdk/sdk/2.1.0/src/rp2_common/hardware_irq/irq.c.obj
                0x10000a6c                irq_set_enabled
 .text.irq_set_exclusive_handler
                0x10000a90       0x54 CMakeFiles/teclado_matricial.dir/C_/Users/User/.pico-sdk/sdk/2.1.0/src/rp2_common/hardware_irq/irq.c.obj
                0x10000a90                irq_set_exclusive_handler
 .text.lock_init
                0x10000ae4       0x10 CMakeFiles/teclado_matricial.dir/C_/Users/User/.pico-sdk/sdk/2.1.0/src/common/pico_sync/lock_core.c.obj
                0x10000ae4                lock_init
 .text.runtime_init_mutex
                0x10000af4       0x50 CMakeFiles/teclado_matricial.dir/C_/Users/User/.pico-sdk/sdk/2.1.0/src/common/pico_sync/mutex.c.obj
                0x10000af4                runtime_init_mutex
 .text.sleep_until_callback
                0x10000b44       0x30 CMakeFiles/teclado_matricial.dir/C_/Users/User/.pico-sdk/sdk/2.1.0/src/common/pico_time/time.c.obj
 .text.alarm_pool_irq_handler
                0x10000b74      0x2fc CMakeFiles/teclado_matricial.dir/C_/Users/User/.pico-sdk/sdk/2.1.0/src/common/pico_time/time.c.obj
 .text.runtime_init_default_alarm_pool
                0x10000e70       0xdc CMakeFiles/teclado_matricial.dir/C_/Users/User/.pico-sdk/sdk/2.1.0/src/common/pico_time/time.c.obj
                0x10000e70                runtime_init_default_alarm_pool
 .text.alarm_pool_add_alarm_at_force_in_context
                0x10000f4c       0xb0 CMakeFiles/teclado_matricial.dir/C_/Users/User/.pico-sdk/sdk/2.1.0/src/common/pico_time/time.c.obj
                0x10000f4c                alarm_pool_add_alarm_at_force_in_context
 .text.alarm_pool_cancel_alarm
                0x10000ffc       0x74 CMakeFiles/teclado_matricial.dir/C_/Users/User/.pico-sdk/sdk/2.1.0/src/common/pico_time/time.c.obj
                0x10000ffc                alarm_pool_cancel_alarm
 .text.sleep_until
                0x10001070       0xd8 CMakeFiles/teclado_matricial.dir/C_/Users/User/.pico-sdk/sdk/2.1.0/src/common/pico_time/time.c.obj
                0x10001070                sleep_until
 .text.sleep_ms
                0x10001148       0x38 CMakeFiles/teclado_matricial.dir/C_/Users/User/.pico-sdk/sdk/2.1.0/src/common/pico_time/time.c.obj
                0x10001148                sleep_ms
 .text.best_effort_wfe_or_timeout
                0x10001180       0xe0 CMakeFiles/teclado_matricial.dir/C_/Users/User/.pico-sdk/sdk/2.1.0/src/common/pico_time/time.c.obj
                0x10001180                best_effort_wfe_or_timeout
 .text.timer_hardware_alarm_claim
                0x10001260       0x14 CMakeFiles/teclado_matricial.dir/C_/Users/User/.pico-sdk/sdk/2.1.0/src/rp2_common/hardware_timer/timer.c.obj
                0x10001260                timer_hardware_alarm_claim
 .text.timer_time_us_64
                0x10001274       0x10 CMakeFiles/teclado_matricial.dir/C_/Users/User/.pico-sdk/sdk/2.1.0/src/rp2_common/hardware_timer/timer.c.obj
                0x10001274                timer_time_us_64
 .text.time_us_64
                0x10001284       0x14 CMakeFiles/teclado_matricial.dir/C_/Users/User/.pico-sdk/sdk/2.1.0/src/rp2_common/hardware_timer/timer.c.obj
                0x10001284                time_us_64
 .text.busy_wait_until
                0x10001298       0x20 CMakeFiles/teclado_matricial.dir/C_/Users/User/.pico-sdk/sdk/2.1.0/src/rp2_common/hardware_timer/timer.c.obj
                0x10001298                busy_wait_until
 .text.clock_configure_int_divider
                0x100012b8       0xf4 CMakeFiles/teclado_matricial.dir/C_/Users/User/.pico-sdk/sdk/2.1.0/src/rp2_common/hardware_clocks/clocks.c.obj
                0x100012b8                clock_configure_int_divider
 .text.clock_configure_undivided
                0x100013ac       0xe8 CMakeFiles/teclado_matricial.dir/C_/Users/User/.pico-sdk/sdk/2.1.0/src/rp2_common/hardware_clocks/clocks.c.obj
                0x100013ac                clock_configure_undivided
 .text.clock_get_hz
                0x10001494        0xc CMakeFiles/teclado_matricial.dir/C_/Users/User/.pico-sdk/sdk/2.1.0/src/rp2_common/hardware_clocks/clocks.c.obj
                0x10001494                clock_get_hz
 .text.pll_init
                0x100014a0       0xa4 CMakeFiles/teclado_matricial.dir/C_/Users/User/.pico-sdk/sdk/2.1.0/src/rp2_common/hardware_pll/pll.c.obj
                0x100014a0                pll_init
 .text.tick_start
                0x10001544       0x10 CMakeFiles/teclado_matricial.dir/C_/Users/User/.pico-sdk/sdk/2.1.0/src/rp2_common/hardware_ticks/ticks.c.obj
                0x10001544                tick_start
 .text.rom_func_lookup
                0x10001554       0x10 CMakeFiles/teclado_matricial.dir/C_/Users/User/.pico-sdk/sdk/2.1.0/src/rp2_common/pico_bootrom/bootrom.c.obj
                0x10001554                rom_func_lookup
 .text.rom_data_lookup
                0x10001564       0x10 CMakeFiles/teclado_matricial.dir/C_/Users/User/.pico-sdk/sdk/2.1.0/src/rp2_common/pico_bootrom/bootrom.c.obj
                0x10001564                rom_data_lookup
 .text.rom_funcs_lookup
                0x10001574       0x44 CMakeFiles/teclado_matricial.dir/C_/Users/User/.pico-sdk/sdk/2.1.0/src/rp2_common/pico_bootrom/bootrom.c.obj
                0x10001574                rom_funcs_lookup
 .text.rom_reset_usb_boot
                0x100015b8       0x20 CMakeFiles/teclado_matricial.dir/C_/Users/User/.pico-sdk/sdk/2.1.0/src/rp2_common/pico_bootrom/bootrom.c.obj
                0x100015b8                rom_reset_usb_boot
 .text.xosc_init
                0x100015d8       0x28 CMakeFiles/teclado_matricial.dir/C_/Users/User/.pico-sdk/sdk/2.1.0/src/rp2_common/hardware_xosc/xosc.c.obj
                0x100015d8                xosc_init
 .text.first_per_core_initializer
                0x10001600        0x4 CMakeFiles/teclado_matricial.dir/C_/Users/User/.pico-sdk/sdk/2.1.0/src/rp2_common/pico_runtime/runtime.c.obj
 .text.hard_assertion_failure
                0x10001604        0xc CMakeFiles/teclado_matricial.dir/C_/Users/User/.pico-sdk/sdk/2.1.0/src/rp2_common/pico_runtime/runtime.c.obj
                0x10001604                hard_assertion_failure
 .text.runtime_run_initializers
                0x10001610       0x28 CMakeFiles/teclado_matricial.dir/C_/Users/User/.pico-sdk/sdk/2.1.0/src/rp2_common/pico_runtime/runtime.c.obj
                0x10001610                runtime_run_initializers
 .text.runtime_init_early_resets
                0x10001638       0x2c CMakeFiles/teclado_matricial.dir/C_/Users/User/.pico-sdk/sdk/2.1.0/src/rp2_common/pico_runtime_init/runtime_init.c.obj
                0x10001638                runtime_init_early_resets
 .text.runtime_init_usb_power_down
                0x10001664       0x1c CMakeFiles/teclado_matricial.dir/C_/Users/User/.pico-sdk/sdk/2.1.0/src/rp2_common/pico_runtime_init/runtime_init.c.obj
                0x10001664                runtime_init_usb_power_down
 .text.runtime_init_post_clock_resets
                0x10001680       0x20 CMakeFiles/teclado_matricial.dir/C_/Users/User/.pico-sdk/sdk/2.1.0/src/rp2_common/pico_runtime_init/runtime_init.c.obj
                0x10001680                runtime_init_post_clock_resets
 .text.runtime_init_rp2040_gpio_ie_disable
                0x100016a0       0x14 CMakeFiles/teclado_matricial.dir/C_/Users/User/.pico-sdk/sdk/2.1.0/src/rp2_common/pico_runtime_init/runtime_init.c.obj
                0x100016a0                runtime_init_rp2040_gpio_ie_disable
 .text.runtime_init_spin_locks_reset
                0x100016b4        0x8 CMakeFiles/teclado_matricial.dir/C_/Users/User/.pico-sdk/sdk/2.1.0/src/rp2_common/pico_runtime_init/runtime_init.c.obj
                0x100016b4                runtime_init_spin_locks_reset
 .text.runtime_init_install_ram_vector_table
                0x100016bc       0x1c CMakeFiles/teclado_matricial.dir/C_/Users/User/.pico-sdk/sdk/2.1.0/src/rp2_common/pico_runtime_init/runtime_init.c.obj
                0x100016bc                runtime_init_install_ram_vector_table
 .text.runtime_init_clocks
                0x100016d8       0xd8 CMakeFiles/teclado_matricial.dir/C_/Users/User/.pico-sdk/sdk/2.1.0/src/rp2_common/pico_runtime_init/runtime_init_clocks.c.obj
                0x100016d8                runtime_init_clocks
 .text          0x100017b0       0x10 CMakeFiles/teclado_matricial.dir/C_/Users/User/.pico-sdk/sdk/2.1.0/src/rp2_common/pico_bit_ops/bit_ops_aeabi.S.obj
 .text.__wrap___aeabi_idiv
                0x100017c0       0x50 CMakeFiles/teclado_matricial.dir/C_/Users/User/.pico-sdk/sdk/2.1.0/src/rp2_common/pico_divider/divider_hardware.S.obj
                0x100017c0                __wrap___aeabi_idivmod
                0x100017c0                divmod_s32s32
                0x100017c0                div_s32s32
                0x100017c0                __wrap___aeabi_idiv
                0x100017c8                divmod_s32s32_unsafe
                0x100017f4                divmod_s32s32_savestate
 .text.__wrap___aeabi_uidiv
                0x10001810       0x4c CMakeFiles/teclado_matricial.dir/C_/Users/User/.pico-sdk/sdk/2.1.0/src/rp2_common/pico_divider/divider_hardware.S.obj
                0x10001810                __wrap___aeabi_uidiv
                0x10001810                __wrap___aeabi_uidivmod
                0x10001810                div_u32u32
                0x10001810                divmod_u32u32
                0x10001818                divmod_u32u32_unsafe
                0x10001840                divmod_u32u32_savestate
 .text.__wrap___aeabi_ldiv
                0x1000185c      0x424 CMakeFiles/teclado_matricial.dir/C_/Users/User/.pico-sdk/sdk/2.1.0/src/rp2_common/pico_divider/divider_hardware.S.obj
                0x1000185c                div_s64s64
                0x1000185c                divmod_s64s64
                0x1000185c                __wrap___aeabi_ldivmod
                0x1000188c                divmod_u64u64
                0x1000188c                div_u64u64
                0x1000188c                __wrap___aeabi_uldivmod
                0x1000189c                divmod_u64u64_savestate
                0x100018bc                divmod_s64s64_unsafe
                0x10001944                divmod_u64u64_unsafe
 .text.__wrap___aeabi_darithmetic
                0x10001c80       0x60 CMakeFiles/teclado_matricial.dir/C_/Users/User/.pico-sdk/sdk/2.1.0/src/rp2_common/pico_double/double_aeabi_rp2040.S.obj
                0x10001c80                __wrap___aeabi_drsub
                0x10001c86                __wrap___aeabi_dsub
                0x10001c90                __wrap___aeabi_dadd
                0x10001c9a                __wrap___aeabi_ddiv
                0x10001cce                __wrap___aeabi_dmul
 .text.__wrap___aeabi_cdcmple
                0x10001ce0       0x6c CMakeFiles/teclado_matricial.dir/C_/Users/User/.pico-sdk/sdk/2.1.0/src/rp2_common/pico_double/double_aeabi_rp2040.S.obj
                0x10001ce0                __wrap___aeabi_cdrcmple
                0x10001cf0                __wrap___aeabi_cdcmpeq
                0x10001cf0                __wrap___aeabi_cdcmple
 .text.__wrap___aeabi_dcmplt
                0x10001d4c        0xc CMakeFiles/teclado_matricial.dir/C_/Users/User/.pico-sdk/sdk/2.1.0/src/rp2_common/pico_double/double_aeabi_rp2040.S.obj
                0x10001d4c                __wrap___aeabi_dcmplt
 .text.__wrap___aeabi_dcmpge
                0x10001d58       0x10 CMakeFiles/teclado_matricial.dir/C_/Users/User/.pico-sdk/sdk/2.1.0/src/rp2_common/pico_double/double_aeabi_rp2040.S.obj
                0x10001d58                __wrap___aeabi_dcmpge
 .text.__wrap___aeabi_dcmpgt
                0x10001d68        0xa CMakeFiles/teclado_matricial.dir/C_/Users/User/.pico-sdk/sdk/2.1.0/src/rp2_common/pico_double/double_aeabi_rp2040.S.obj
                0x10001d68                __wrap___aeabi_dcmpgt
 .text.__wrap___aeabi_dcmpun
                0x10001d72       0x18 CMakeFiles/teclado_matricial.dir/C_/Users/User/.pico-sdk/sdk/2.1.0/src/rp2_common/pico_double/double_aeabi_rp2040.S.obj
                0x10001d72                __wrap___aeabi_dcmpun
 *fill*         0x10001d8a        0x2 
 .text.__wrap___aeabi_i2d
                0x10001d8c       0x38 CMakeFiles/teclado_matricial.dir/C_/Users/User/.pico-sdk/sdk/2.1.0/src/rp2_common/pico_double/double_aeabi_rp2040.S.obj
                0x10001d8c                __wrap___aeabi_ui2d
                0x10001d94                __wrap___aeabi_i2d
 .text.__wrap___aeabi_d2iz
                0x10001dc4       0x48 CMakeFiles/teclado_matricial.dir/C_/Users/User/.pico-sdk/sdk/2.1.0/src/rp2_common/pico_double/double_aeabi_rp2040.S.obj
                0x10001dc4                double2int_z
                0x10001dc4                __wrap___aeabi_d2iz
 .text.__wrap___aeabi_d2uiz
                0x10001e0c       0x10 CMakeFiles/teclado_matricial.dir/C_/Users/User/.pico-sdk/sdk/2.1.0/src/rp2_common/pico_double/double_aeabi_rp2040.S.obj
                0x10001e0c                __wrap___aeabi_d2uiz
                0x10001e0c                double2uint
 .text.missing_double_func_shim
                0x10001e1c        0xc CMakeFiles/teclado_matricial.dir/C_/Users/User/.pico-sdk/sdk/2.1.0/src/rp2_common/pico_double/double_init_rom_rp2040.c.obj
 .text.__aeabi_double_init
                0x10001e28       0xa0 CMakeFiles/teclado_matricial.dir/C_/Users/User/.pico-sdk/sdk/2.1.0/src/rp2_common/pico_double/double_init_rom_rp2040.c.obj
                0x10001e28                __aeabi_double_init
 .text.double_table_shim_on_use_helper
                0x10001ec8       0x2c CMakeFiles/teclado_matricial.dir/C_/Users/User/.pico-sdk/sdk/2.1.0/src/rp2_common/pico_double/double_v1_rom_shim_rp2040.S.obj
                0x10001ec8                double_table_shim_on_use_helper
 .text.__aeabi_lmul
                0x10001ef4       0x32 CMakeFiles/teclado_matricial.dir/C_/Users/User/.pico-sdk/sdk/2.1.0/src/rp2_common/pico_int64_ops/pico_int64_ops_aeabi.S.obj
                0x10001ef4                __wrap___aeabi_lmul
 *fill*         0x10001f26        0x2 
 .text.__wrap___aeabi_farithmetic
                0x10001f28       0x48 CMakeFiles/teclado_matricial.dir/C_/Users/User/.pico-sdk/sdk/2.1.0/src/rp2_common/pico_float/float_aeabi_rp2040.S.obj
                0x10001f28                __wrap___aeabi_frsub
                0x10001f2e                __wrap___aeabi_fsub
                0x10001f34                __wrap___aeabi_fadd
                0x10001f3a                __wrap___aeabi_fdiv
                0x10001f62                __wrap___aeabi_fmul
 .text.__wrap___aeabi_ui2f
                0x10001f70        0xa CMakeFiles/teclado_matricial.dir/C_/Users/User/.pico-sdk/sdk/2.1.0/src/rp2_common/pico_float/float_aeabi_rp2040.S.obj
                0x10001f70                __wrap___aeabi_ui2f
                0x10001f70                uint2float
 *fill*         0x10001f7a        0x2 
 .text.__wrap___aeabi_i2f
                0x10001f7c       0x44 CMakeFiles/teclado_matricial.dir/C_/Users/User/.pico-sdk/sdk/2.1.0/src/rp2_common/pico_float/float_aeabi_rp2040.S.obj
                0x10001f7c                __wrap___aeabi_i2f
                0x10001f7c                int2float
 .text.__wrap___aeabi_f2uiz
                0x10001fc0        0xc CMakeFiles/teclado_matricial.dir/C_/Users/User/.pico-sdk/sdk/2.1.0/src/rp2_common/pico_float/float_aeabi_rp2040.S.obj
                0x10001fc0                __wrap___aeabi_f2uiz
                0x10001fc0                float2uint_z
 .text.missing_float_func_shim
                0x10001fcc        0xc CMakeFiles/teclado_matricial.dir/C_/Users/User/.pico-sdk/sdk/2.1.0/src/rp2_common/pico_float/float_init_rom_rp2040.c.obj
 .text.__aeabi_float_init
                0x10001fd8       0x5c CMakeFiles/teclado_matricial.dir/C_/Users/User/.pico-sdk/sdk/2.1.0/src/rp2_common/pico_float/float_init_rom_rp2040.c.obj
                0x10001fd8                __aeabi_float_init
 .text          0x10002034       0x10 CMakeFiles/teclado_matricial.dir/C_/Users/User/.pico-sdk/sdk/2.1.0/src/rp2_common/pico_mem_ops/mem_ops_aeabi.S.obj
                0x10002034                __aeabi_mem_init
 .text.memcpy   0x10002044        0xc CMakeFiles/teclado_matricial.dir/C_/Users/User/.pico-sdk/sdk/2.1.0/src/rp2_common/pico_mem_ops/mem_ops_aeabi.S.obj
                0x10002044                __wrap_memcpy
                0x10002044                __wrap___aeabi_memcpy
 .text._out_null
                0x10002050        0x4 CMakeFiles/teclado_matricial.dir/C_/Users/User/.pico-sdk/sdk/2.1.0/src/rp2_common/pico_printf/printf.c.obj
 .text._out_rev
                0x10002054       0xac CMakeFiles/teclado_matricial.dir/C_/Users/User/.pico-sdk/sdk/2.1.0/src/rp2_common/pico_printf/printf.c.obj
 .text._ntoa_format
                0x10002100      0x250 CMakeFiles/teclado_matricial.dir/C_/Users/User/.pico-sdk/sdk/2.1.0/src/rp2_common/pico_printf/printf.c.obj
 .text._out_char
                0x10002350       0x10 CMakeFiles/teclado_matricial.dir/C_/Users/User/.pico-sdk/sdk/2.1.0/src/rp2_common/pico_printf/printf.c.obj
 .text._out_fct
                0x10002360       0x10 CMakeFiles/teclado_matricial.dir/C_/Users/User/.pico-sdk/sdk/2.1.0/src/rp2_common/pico_printf/printf.c.obj
 .text._etoa    0x10002370      0x464 CMakeFiles/teclado_matricial.dir/C_/Users/User/.pico-sdk/sdk/2.1.0/src/rp2_common/pico_printf/printf.c.obj
 .text._ftoa    0x100027d4      0x3c0 CMakeFiles/teclado_matricial.dir/C_/Users/User/.pico-sdk/sdk/2.1.0/src/rp2_common/pico_printf/printf.c.obj
 .text._vsnprintf
                0x10002b94      0xbc8 CMakeFiles/teclado_matricial.dir/C_/Users/User/.pico-sdk/sdk/2.1.0/src/rp2_common/pico_printf/printf.c.obj
 .text.vfctprintf
                0x1000375c       0x20 CMakeFiles/teclado_matricial.dir/C_/Users/User/.pico-sdk/sdk/2.1.0/src/rp2_common/pico_printf/printf.c.obj
                0x1000375c                vfctprintf
 .text.weak_raw_vprintf
                0x1000377c       0x30 CMakeFiles/teclado_matricial.dir/C_/Users/User/.pico-sdk/sdk/2.1.0/src/rp2_common/pico_printf/printf.c.obj
                0x1000377c                weak_raw_vprintf
 .text._exit    0x100037ac        0x4 CMakeFiles/teclado_matricial.dir/C_/Users/User/.pico-sdk/sdk/2.1.0/src/rp2_common/pico_clib_interface/newlib_interface.c.obj
                0x100037ac                _exit
 .text.exit     0x100037b0        0x8 CMakeFiles/teclado_matricial.dir/C_/Users/User/.pico-sdk/sdk/2.1.0/src/rp2_common/pico_clib_interface/newlib_interface.c.obj
                0x100037b0                exit
 .text.runtime_init
                0x100037b8       0x2c CMakeFiles/teclado_matricial.dir/C_/Users/User/.pico-sdk/sdk/2.1.0/src/rp2_common/pico_clib_interface/newlib_interface.c.obj
                0x100037b8                runtime_init
 .text.stdio_out_chars_no_crlf
                0x100037e4       0x10 CMakeFiles/teclado_matricial.dir/C_/Users/User/.pico-sdk/sdk/2.1.0/src/rp2_common/pico_stdio/stdio.c.obj
 .text.stdio_out_chars_crlf
                0x100037f4       0x94 CMakeFiles/teclado_matricial.dir/C_/Users/User/.pico-sdk/sdk/2.1.0/src/rp2_common/pico_stdio/stdio.c.obj
 .text.stdio_buffered_printer
                0x10003888       0x64 CMakeFiles/teclado_matricial.dir/C_/Users/User/.pico-sdk/sdk/2.1.0/src/rp2_common/pico_stdio/stdio.c.obj
 .text.stdio_put_string
                0x100038ec      0x100 CMakeFiles/teclado_matricial.dir/C_/Users/User/.pico-sdk/sdk/2.1.0/src/rp2_common/pico_stdio/stdio.c.obj
                0x100038ec                stdio_put_string
 .text.stdio_init_all
                0x100039ec        0x4 CMakeFiles/teclado_matricial.dir/C_/Users/User/.pico-sdk/sdk/2.1.0/src/rp2_common/pico_stdio/stdio.c.obj
                0x100039ec                stdio_init_all
 .text.__wrap_putchar
                0x100039f0       0x98 CMakeFiles/teclado_matricial.dir/C_/Users/User/.pico-sdk/sdk/2.1.0/src/rp2_common/pico_stdio/stdio.c.obj
                0x100039f0                __wrap_putchar
                0x100039f0                stdio_putchar
 .text.__wrap_puts
                0x10003a88       0x3c CMakeFiles/teclado_matricial.dir/C_/Users/User/.pico-sdk/sdk/2.1.0/src/rp2_common/pico_stdio/stdio.c.obj
                0x10003a88                stdio_puts
                0x10003a88                __wrap_puts
 .text.__wrap_vprintf
                0x10003ac4       0xd4 CMakeFiles/teclado_matricial.dir/C_/Users/User/.pico-sdk/sdk/2.1.0/src/rp2_common/pico_stdio/stdio.c.obj
                0x10003ac4                stdio_vprintf
                0x10003ac4                __wrap_vprintf
 .text.__wrap_printf
                0x10003b98       0x18 CMakeFiles/teclado_matricial.dir/C_/Users/User/.pico-sdk/sdk/2.1.0/src/rp2_common/pico_stdio/stdio.c.obj
                0x10003b98                __wrap_printf
                0x10003b98                stdio_printf
 .text.strlen   0x10003bb0       0x5c C:/Users/User/.pico-sdk/toolchain/13_3_Rel1/bin/../lib/gcc/arm-none-eabi/13.3.1/thumb/v6-m/nofp\libg.a(libc_a-strlen-stub.o)
                0x10003bb0                strlen
 *(.fini)
 .fini          0x10003c0c        0x4 C:/Users/User/.pico-sdk/toolchain/13_3_Rel1/bin/../lib/gcc/arm-none-eabi/13.3.1/thumb/v6-m/nofp/crti.o
                0x10003c0c                _fini
 .fini.__stub   0x10003c10       0x40 linker stubs
 *crtbegin.o(.ctors)
 *crtbegin?.o(.ctors)
 *(EXCLUDE_FILE(*crtend.o *crtend?.o) .ctors)
 *(SORT_BY_NAME(.ctors.*))
 *(.ctors)
 *crtbegin.o(.dtors)
 *crtbegin?.o(.dtors)
 *(EXCLUDE_FILE(*crtend.o *crtend?.o) .dtors)
 *(SORT_BY_NAME(.dtors.*))
 *(.dtors)
                0x10003c50                        . = ALIGN (0x4)
                0x10003c50                        PROVIDE (__preinit_array_start = .)
 *(SORT_BY_NAME(.preinit_array.*))
 .preinit_array.00100
                0x10003c50        0x4 CMakeFiles/teclado_matricial.dir/C_/Users/User/.pico-sdk/sdk/2.1.0/src/rp2_common/pico_runtime_init/runtime_init.c.obj
                0x10003c50                __pre_init_runtime_init_early_resets
 .preinit_array.00101
                0x10003c54        0x4 CMakeFiles/teclado_matricial.dir/C_/Users/User/.pico-sdk/sdk/2.1.0/src/rp2_common/pico_runtime_init/runtime_init.c.obj
                0x10003c54                __pre_init_runtime_init_usb_power_down
 .preinit_array.00275
                0x10003c58        0x4 CMakeFiles/teclado_matricial.dir/C_/Users/User/.pico-sdk/sdk/2.1.0/src/rp2_common/pico_bit_ops/bit_ops_aeabi.S.obj
 .preinit_array.00300
                0x10003c5c        0x4 CMakeFiles/teclado_matricial.dir/C_/Users/User/.pico-sdk/sdk/2.1.0/src/rp2_common/pico_mem_ops/mem_ops_aeabi.S.obj
 .preinit_array.00350
                0x10003c60        0x4 CMakeFiles/teclado_matricial.dir/C_/Users/User/.pico-sdk/sdk/2.1.0/src/rp2_common/pico_double/double_aeabi_rp2040.S.obj
 .preinit_array.00350
                0x10003c64        0x4 CMakeFiles/teclado_matricial.dir/C_/Users/User/.pico-sdk/sdk/2.1.0/src/rp2_common/pico_float/float_aeabi_rp2040.S.obj
 .preinit_array.00500
                0x10003c68        0x4 CMakeFiles/teclado_matricial.dir/C_/Users/User/.pico-sdk/sdk/2.1.0/src/rp2_common/pico_runtime_init/runtime_init.c.obj
                0x10003c68                __pre_init_runtime_init_clocks
 .preinit_array.00600
                0x10003c6c        0x4 CMakeFiles/teclado_matricial.dir/C_/Users/User/.pico-sdk/sdk/2.1.0/src/rp2_common/pico_runtime_init/runtime_init.c.obj
                0x10003c6c                __pre_init_runtime_init_post_clock_resets
 .preinit_array.00700
                0x10003c70        0x4 CMakeFiles/teclado_matricial.dir/C_/Users/User/.pico-sdk/sdk/2.1.0/src/rp2_common/pico_runtime_init/runtime_init.c.obj
                0x10003c70                __pre_init_runtime_init_rp2040_gpio_ie_disable
 .preinit_array.01000
                0x10003c74        0x4 CMakeFiles/teclado_matricial.dir/C_/Users/User/.pico-sdk/sdk/2.1.0/src/rp2_common/pico_runtime_init/runtime_init.c.obj
                0x10003c74                __pre_init_runtime_init_spin_locks_reset
 .preinit_array.01100
                0x10003c78        0x4 CMakeFiles/teclado_matricial.dir/C_/Users/User/.pico-sdk/sdk/2.1.0/src/common/pico_sync/mutex.c.obj
                0x10003c78                __pre_init_runtime_init_mutex
 .preinit_array.10080
                0x10003c7c        0x4 CMakeFiles/teclado_matricial.dir/C_/Users/User/.pico-sdk/sdk/2.1.0/src/rp2_common/pico_runtime_init/runtime_init.c.obj
                0x10003c7c                __pre_init_runtime_init_install_ram_vector_table
 .preinit_array.11000
                0x10003c80        0x4 CMakeFiles/teclado_matricial.dir/C_/Users/User/.pico-sdk/sdk/2.1.0/src/common/pico_time/time.c.obj
                0x10003c80                __pre_init_runtime_init_default_alarm_pool
 .preinit_array.YYYYY
                0x10003c84        0x4 CMakeFiles/teclado_matricial.dir/C_/Users/User/.pico-sdk/sdk/2.1.0/src/rp2_common/pico_runtime/runtime.c.obj
                0x10003c84                __pre_init_first_per_core_initializer
 .preinit_array.ZZZZZ.01200
                0x10003c88        0x4 CMakeFiles/teclado_matricial.dir/C_/Users/User/.pico-sdk/sdk/2.1.0/src/rp2_common/hardware_irq/irq.c.obj
                0x10003c88                __pre_init_runtime_init_per_core_irq_priorities
 *(.preinit_array)
                0x10003c8c                        PROVIDE (__preinit_array_end = .)
                0x10003c8c                        . = ALIGN (0x4)
                0x10003c8c                        PROVIDE (__init_array_start = .)
 *(SORT_BY_NAME(.init_array.*))
 *(.init_array)
 .init_array    0x10003c8c        0x4 C:/Users/User/.pico-sdk/toolchain/13_3_Rel1/bin/../lib/gcc/arm-none-eabi/13.3.1/thumb/v6-m/nofp/crtbegin.o
                0x10003c90                        PROVIDE (__init_array_end = .)
                0x10003c90                        . = ALIGN (0x4)
                [!provide]                        PROVIDE (__fini_array_start = .)
 *(SORT_BY_NAME(.fini_array.*))
 *(.fini_array)
                [!provide]                        PROVIDE (__fini_array_end = .)
 *(.eh_frame*)
 .eh_frame      0x10003c90        0x0 C:/Users/User/.pico-sdk/toolchain/13_3_Rel1/bin/../lib/gcc/arm-none-eabi/13.3.1/thumb/v6-m/nofp/crtbegin.o
                0x10003c90                        . = ALIGN (0x4)

.glue_7         0x10003c90        0x0
 .glue_7        0x10003c90        0x0 linker stubs

.glue_7t        0x10003c90        0x0
 .glue_7t       0x10003c90        0x0 linker stubs

.vfp11_veneer   0x10003c90        0x0
 .vfp11_veneer  0x10003c90        0x0 linker stubs

.v4_bx          0x10003c90        0x0
 .v4_bx         0x10003c90        0x0 linker stubs

.iplt           0x10003c90        0x0
 .iplt          0x10003c90        0x0 C:/Users/User/.pico-sdk/toolchain/13_3_Rel1/bin/../lib/gcc/arm-none-eabi/13.3.1/thumb/v6-m/nofp/crtbegin.o

.rodata         0x10003c90      0x404
 *(EXCLUDE_FILE(*libm.a: *libc.a:*lib_a-mem*.o *libgcc.a:) .rodata*)
 .rodata.main.str1.4
                0x10003c90       0xf9 CMakeFiles/teclado_matricial.dir/teclado_matricial.c.obj
                                 0x3b (size before relaxing)
 *fill*         0x10003d89        0x3 
 .rodata.main   0x10003d8c       0x88 CMakeFiles/teclado_matricial.dir/teclado_matricial.c.obj
 .rodata.KEYPAD
                0x10003e14       0x10 CMakeFiles/teclado_matricial.dir/teclado_matricial.c.obj
 .rodata.COL_PINS
                0x10003e24       0x10 CMakeFiles/teclado_matricial.dir/teclado_matricial.c.obj
 .rodata.ROW_PINS
                0x10003e34       0x10 CMakeFiles/teclado_matricial.dir/teclado_matricial.c.obj
 .rodata.panic.str1.4
                0x10003e44       0x12 CMakeFiles/teclado_matricial.dir/C_/Users/User/.pico-sdk/sdk/2.1.0/src/rp2_common/pico_platform_panic/panic.c.obj
 .rodata.timer_hardware_alarm_claim.str1.4
                0x10003e44       0x22 CMakeFiles/teclado_matricial.dir/C_/Users/User/.pico-sdk/sdk/2.1.0/src/rp2_common/hardware_timer/timer.c.obj
 .rodata.hard_assertion_failure.str1.4
                0x10003e44        0xc CMakeFiles/teclado_matricial.dir/C_/Users/User/.pico-sdk/sdk/2.1.0/src/rp2_common/pico_runtime/runtime.c.obj
 .rodata.missing_double_func_shim.str1.4
                0x10003e44       0x18 CMakeFiles/teclado_matricial.dir/C_/Users/User/.pico-sdk/sdk/2.1.0/src/rp2_common/pico_double/double_init_rom_rp2040.c.obj
 .rodata.missing_float_func_shim.str1.4
                0x10003e44        0x1 CMakeFiles/teclado_matricial.dir/C_/Users/User/.pico-sdk/sdk/2.1.0/src/rp2_common/pico_float/float_init_rom_rp2040.c.obj
 .rodata.str1.4
                0x10003e44       0x4c CMakeFiles/teclado_matricial.dir/C_/Users/User/.pico-sdk/sdk/2.1.0/src/rp2_common/pico_standard_binary_info/standard_binary_info.c.obj
 .rodata.__bi_84
                0x10003e44        0xc CMakeFiles/teclado_matricial.dir/C_/Users/User/.pico-sdk/sdk/2.1.0/src/rp2_common/pico_standard_binary_info/standard_binary_info.c.obj
 .rodata.__bi_78
                0x10003e50        0xc CMakeFiles/teclado_matricial.dir/C_/Users/User/.pico-sdk/sdk/2.1.0/src/rp2_common/pico_standard_binary_info/standard_binary_info.c.obj
 .rodata.__bi_60
                0x10003e5c        0xc CMakeFiles/teclado_matricial.dir/C_/Users/User/.pico-sdk/sdk/2.1.0/src/rp2_common/pico_standard_binary_info/standard_binary_info.c.obj
 .rodata.__bi_54
                0x10003e68        0xc CMakeFiles/teclado_matricial.dir/C_/Users/User/.pico-sdk/sdk/2.1.0/src/rp2_common/pico_standard_binary_info/standard_binary_info.c.obj
 .rodata.__bi_48
                0x10003e74        0xc CMakeFiles/teclado_matricial.dir/C_/Users/User/.pico-sdk/sdk/2.1.0/src/rp2_common/pico_standard_binary_info/standard_binary_info.c.obj
 .rodata.__bi_42
                0x10003e80        0xc CMakeFiles/teclado_matricial.dir/C_/Users/User/.pico-sdk/sdk/2.1.0/src/rp2_common/pico_standard_binary_info/standard_binary_info.c.obj
 .rodata.__bi_34
                0x10003e8c        0xc CMakeFiles/teclado_matricial.dir/C_/Users/User/.pico-sdk/sdk/2.1.0/src/rp2_common/pico_standard_binary_info/standard_binary_info.c.obj
 .rodata.__bi_26
                0x10003e98        0xc CMakeFiles/teclado_matricial.dir/C_/Users/User/.pico-sdk/sdk/2.1.0/src/rp2_common/pico_standard_binary_info/standard_binary_info.c.obj
 .rodata._ftoa.str1.4
                0x10003ea4       0x15 CMakeFiles/teclado_matricial.dir/C_/Users/User/.pico-sdk/sdk/2.1.0/src/rp2_common/pico_printf/printf.c.obj
 .rodata._vsnprintf
                0x10003ea4      0x19c CMakeFiles/teclado_matricial.dir/C_/Users/User/.pico-sdk/sdk/2.1.0/src/rp2_common/pico_printf/printf.c.obj
 .rodata.pow10.0
                0x10004040       0x50 CMakeFiles/teclado_matricial.dir/C_/Users/User/.pico-sdk/sdk/2.1.0/src/rp2_common/pico_printf/printf.c.obj
 .rodata.crlf_str.0
                0x10004090        0x2 CMakeFiles/teclado_matricial.dir/C_/Users/User/.pico-sdk/sdk/2.1.0/src/rp2_common/pico_stdio/stdio.c.obj
                0x10004094                        . = ALIGN (0x4)
 *fill*         0x10004092        0x2 
 *(SORT_BY_ALIGNMENT(SORT_BY_NAME(.flashdata*)))
                0x10004094                        . = ALIGN (0x4)

.ARM.extab
 *(.ARM.extab* .gnu.linkonce.armextab.*)
                0x10004094                        __exidx_start = .

.ARM.exidx
 *(.ARM.exidx* .gnu.linkonce.armexidx.*)
                0x10004094                        __exidx_end = .
                0x10004094                        . = ALIGN (0x4)
                0x10004094                        __binary_info_start = .

.binary_info    0x10004094       0x20
 *(.binary_info.keep.*)
 .binary_info.keep.__bi_ptr84
                0x10004094        0x4 CMakeFiles/teclado_matricial.dir/C_/Users/User/.pico-sdk/sdk/2.1.0/src/rp2_common/pico_standard_binary_info/standard_binary_info.c.obj
 .binary_info.keep.__bi_ptr78
                0x10004098        0x4 CMakeFiles/teclado_matricial.dir/C_/Users/User/.pico-sdk/sdk/2.1.0/src/rp2_common/pico_standard_binary_info/standard_binary_info.c.obj
 .binary_info.keep.__bi_ptr60
                0x1000409c        0x4 CMakeFiles/teclado_matricial.dir/C_/Users/User/.pico-sdk/sdk/2.1.0/src/rp2_common/pico_standard_binary_info/standard_binary_info.c.obj
 .binary_info.keep.__bi_ptr54
                0x100040a0        0x4 CMakeFiles/teclado_matricial.dir/C_/Users/User/.pico-sdk/sdk/2.1.0/src/rp2_common/pico_standard_binary_info/standard_binary_info.c.obj
 .binary_info.keep.__bi_ptr48
                0x100040a4        0x4 CMakeFiles/teclado_matricial.dir/C_/Users/User/.pico-sdk/sdk/2.1.0/src/rp2_common/pico_standard_binary_info/standard_binary_info.c.obj
 .binary_info.keep.__bi_ptr42
                0x100040a8        0x4 CMakeFiles/teclado_matricial.dir/C_/Users/User/.pico-sdk/sdk/2.1.0/src/rp2_common/pico_standard_binary_info/standard_binary_info.c.obj
 .binary_info.keep.__bi_ptr34
                0x100040ac        0x4 CMakeFiles/teclado_matricial.dir/C_/Users/User/.pico-sdk/sdk/2.1.0/src/rp2_common/pico_standard_binary_info/standard_binary_info.c.obj
 .binary_info.keep.__bi_ptr26
                0x100040b0        0x4 CMakeFiles/teclado_matricial.dir/C_/Users/User/.pico-sdk/sdk/2.1.0/src/rp2_common/pico_standard_binary_info/standard_binary_info.c.obj
 *(.binary_info.*)
                0x100040b4                        __binary_info_end = .

.rel.dyn        0x100040b4        0x0
 .rel.iplt      0x100040b4        0x0 C:/Users/User/.pico-sdk/toolchain/13_3_Rel1/bin/../lib/gcc/arm-none-eabi/13.3.1/thumb/v6-m/nofp/crtbegin.o
                0x100040b4                        . = ALIGN (0x4)

.ram_vector_table
                0x20000000       0xc0
 *(.ram_vector_table)
 .ram_vector_table
                0x20000000       0xc0 CMakeFiles/teclado_matricial.dir/C_/Users/User/.pico-sdk/sdk/2.1.0/src/rp2_common/pico_runtime_init/runtime_init.c.obj
                0x20000000                ram_vector_table

.uninitialized_data
                0x200000c0        0x0
                0x200000c0                        . = ALIGN (0x4)
 *(.uninitialized_data*)

.data           0x200000c0      0x128 load address 0x100040b4
                0x200000c0                        __data_start__ = .
 *(vtable)
 *(.time_critical*)
 .time_critical.mutex_try_enter_block_until
                0x200000c0       0x9c CMakeFiles/teclado_matricial.dir/C_/Users/User/.pico-sdk/sdk/2.1.0/src/common/pico_sync/mutex.c.obj
                0x200000c0                mutex_try_enter_block_until
 .time_critical.mutex_exit
                0x2000015c       0x28 CMakeFiles/teclado_matricial.dir/C_/Users/User/.pico-sdk/sdk/2.1.0/src/common/pico_sync/mutex.c.obj
                0x2000015c                mutex_exit
 *(.text*)
 .text          0x20000184        0x4 C:/Users/User/.pico-sdk/toolchain/13_3_Rel1/bin/../lib/gcc/arm-none-eabi/13.3.1/thumb/v6-m/nofp\libgcc.a(_dvmd_tls.o)
                0x20000184                __aeabi_idiv0
                0x20000184                __aeabi_ldiv0
 .text.__stub   0x20000188       0x10 linker stubs
                0x20000198                        . = ALIGN (0x4)
 *(.rodata*)
                0x20000198                        . = ALIGN (0x4)
 *(.data*)
 .data.striped_spin_lock_num
                0x20000198        0x1 CMakeFiles/teclado_matricial.dir/C_/Users/User/.pico-sdk/sdk/2.1.0/src/rp2_common/hardware_sync/sync.c.obj
 *fill*         0x20000199        0x3 
 .data.default_alarm_pool
                0x2000019c       0x18 CMakeFiles/teclado_matricial.dir/C_/Users/User/.pico-sdk/sdk/2.1.0/src/common/pico_time/time.c.obj
 *fill*         0x200001b4        0xc 
 .data.aeabi_bits_funcs
                0x200001c0       0x10 CMakeFiles/teclado_matricial.dir/C_/Users/User/.pico-sdk/sdk/2.1.0/src/rp2_common/pico_bit_ops/bit_ops_aeabi.S.obj
                0x200001c0                aeabi_bits_funcs
                0x200001d0                aeabi_bits_funcs_end
 .data.aeabi_mem_funcs
                0x200001d0       0x10 CMakeFiles/teclado_matricial.dir/C_/Users/User/.pico-sdk/sdk/2.1.0/src/rp2_common/pico_mem_ops/mem_ops_aeabi.S.obj
                0x200001d0                aeabi_mem_funcs
                0x200001e0                aeabi_mem_funcs_end
                0x200001e0                        . = ALIGN (0x4)
 *(.after_data.*)
                0x200001e0                        . = ALIGN (0x4)
                0x200001e0                        PROVIDE (__mutex_array_start = .)
 *(SORT_BY_NAME(.mutex_array.*))
 *(.mutex_array)
 .mutex_array   0x200001e0        0x8 CMakeFiles/teclado_matricial.dir/C_/Users/User/.pico-sdk/sdk/2.1.0/src/rp2_common/pico_stdio/stdio.c.obj
                0x200001e8                        PROVIDE (__mutex_array_end = .)
                0x200001e8                        . = ALIGN (0x4)
 *(.jcr)
                0x200001e8                        . = ALIGN (0x4)

.tm_clone_table
                0x200001e8        0x0 load address 0x100041dc
 .tm_clone_table
                0x200001e8        0x0 C:/Users/User/.pico-sdk/toolchain/13_3_Rel1/bin/../lib/gcc/arm-none-eabi/13.3.1/thumb/v6-m/nofp/crtbegin.o
 .tm_clone_table
                0x200001e8        0x0 C:/Users/User/.pico-sdk/toolchain/13_3_Rel1/bin/../lib/gcc/arm-none-eabi/13.3.1/thumb/v6-m/nofp/crtend.o

.igot.plt       0x200001e8        0x0 load address 0x100041dc
 .igot.plt      0x200001e8        0x0 C:/Users/User/.pico-sdk/toolchain/13_3_Rel1/bin/../lib/gcc/arm-none-eabi/13.3.1/thumb/v6-m/nofp/crtbegin.o

.tdata          0x200001e8        0x0 load address 0x100041dc
                0x200001e8                        . = ALIGN (0x4)
 *(.tdata .tdata.* .gnu.linkonce.td.*)
                0x200001e8                        __tdata_end = .
                0x200001e8                        PROVIDE (__data_end__ = .)
                0x100040b4                        __etext = LOADADDR (.data)

.tbss           0x200001e8        0x0 load address 0x100041dc
                0x200001e8                        . = ALIGN (0x4)
                0x200001e8                        __bss_start__ = .
                0x200001e8                        __tls_base = .
 *(.tbss .tbss.* .gnu.linkonce.tb.*)
 *(.tcommon)
                0x200001e8                        __tls_end = .

.bss            0x200001e8      0x3e8 load address 0x100041dc
                0x200001e8                        . = ALIGN (0x4)
                0x200001e8                        __tbss_end = .
 *(SORT_BY_ALIGNMENT(SORT_BY_NAME(.bss*)))
 .bss.default_alarm_pool_entries
                0x200001e8      0x180 CMakeFiles/teclado_matricial.dir/C_/Users/User/.pico-sdk/sdk/2.1.0/src/common/pico_time/time.c.obj
 .bss.sd_table  0x20000368      0x100 CMakeFiles/teclado_matricial.dir/C_/Users/User/.pico-sdk/sdk/2.1.0/src/rp2_common/pico_double/double_init_rom_rp2040.c.obj
                0x20000368                sd_table
 .bss.claimed   0x20000468        0x1 CMakeFiles/teclado_matricial.dir/C_/Users/User/.pico-sdk/sdk/2.1.0/src/rp2_common/hardware_timer/timer.c.obj
 *fill*         0x20000469        0x3 
 .bss.configured_freq
                0x2000046c       0x28 CMakeFiles/teclado_matricial.dir/C_/Users/User/.pico-sdk/sdk/2.1.0/src/rp2_common/hardware_clocks/clocks.c.obj
 .bss.drivers   0x20000494        0x4 CMakeFiles/teclado_matricial.dir/C_/Users/User/.pico-sdk/sdk/2.1.0/src/rp2_common/pico_stdio/stdio.c.obj
 .bss.filter    0x20000498        0x4 CMakeFiles/teclado_matricial.dir/C_/Users/User/.pico-sdk/sdk/2.1.0/src/rp2_common/pico_stdio/stdio.c.obj
 .bss.lazy_vsnprintf
                0x2000049c        0x4 CMakeFiles/teclado_matricial.dir/C_/Users/User/.pico-sdk/sdk/2.1.0/src/rp2_common/pico_printf/printf.c.obj
 .bss.object.0  0x200004a0       0x18 C:/Users/User/.pico-sdk/toolchain/13_3_Rel1/bin/../lib/gcc/arm-none-eabi/13.3.1/thumb/v6-m/nofp/crtbegin.o
 .bss.pools     0x200004b8       0x10 CMakeFiles/teclado_matricial.dir/C_/Users/User/.pico-sdk/sdk/2.1.0/src/common/pico_time/time.c.obj
 .bss.sf_clz_func
                0x200004c8        0x4 CMakeFiles/teclado_matricial.dir/C_/Users/User/.pico-sdk/sdk/2.1.0/src/rp2_common/pico_double/double_init_rom_rp2040.c.obj
                0x200004c8                sf_clz_func
 .bss.sf_table  0x200004cc      0x100 CMakeFiles/teclado_matricial.dir/C_/Users/User/.pico-sdk/sdk/2.1.0/src/rp2_common/pico_float/float_init_rom_rp2040.c.obj
                0x200004cc                sf_table
 .bss.sleep_notifier
                0x200005cc        0x4 CMakeFiles/teclado_matricial.dir/C_/Users/User/.pico-sdk/sdk/2.1.0/src/common/pico_time/time.c.obj
 *(COMMON)
                0x200005d0                        . = ALIGN (0x4)
                0x200005d0                        __bss_end__ = .

.heap           0x200005d0      0x800 load address 0x100041dc
                0x200005d0                        __end__ = .
                0x200005d0                        end = __end__
 *(.heap*)
 .heap          0x200005d0      0x800 CMakeFiles/teclado_matricial.dir/C_/Users/User/.pico-sdk/sdk/2.1.0/src/rp2_common/pico_crt0/crt0.S.obj
                0x20040000                        __HeapLimit = (ORIGIN (RAM) + LENGTH (RAM))

.scratch_x      0x20040000        0x0 load address 0x100041dc
                0x20040000                        __scratch_x_start__ = .
 *(.scratch_x.*)
                0x20040000                        . = ALIGN (0x4)
                0x20040000                        __scratch_x_end__ = .
                0x100041dc                        __scratch_x_source__ = LOADADDR (.scratch_x)

.scratch_y      0x20041000        0x0 load address 0x100041dc
                0x20041000                        __scratch_y_start__ = .
 *(.scratch_y.*)
                0x20041000                        . = ALIGN (0x4)
                0x20041000                        __scratch_y_end__ = .
                0x100041dc                        __scratch_y_source__ = LOADADDR (.scratch_y)

.stack1_dummy
 *(.stack1*)

.stack_dummy    0x20041000      0x800
 *(.stack*)
 .stack         0x20041000      0x800 CMakeFiles/teclado_matricial.dir/C_/Users/User/.pico-sdk/sdk/2.1.0/src/rp2_common/pico_crt0/crt0.S.obj

.flash_end      0x100041dc        0x0
 *(.embedded_end_block*)
                0x100041dc                        PROVIDE (__flash_binary_end = .)
                0x20040000                        __StackLimit = (ORIGIN (RAM) + LENGTH (RAM))
                0x20041000                        __StackOneTop = (ORIGIN (SCRATCH_X) + LENGTH (SCRATCH_X))
                0x20042000                        __StackTop = (ORIGIN (SCRATCH_Y) + LENGTH (SCRATCH_Y))
                0x20041000                        __StackOneBottom = (__StackOneTop - SIZEOF (.stack1_dummy))
                0x20041800                        __StackBottom = (__StackTop - SIZEOF (.stack_dummy))
                0x20042000                        PROVIDE (__stack = __StackTop)
                [!provide]                        PROVIDE (__heap_start = __end__)
                [!provide]                        PROVIDE (__heap_end = __HeapLimit)
                [!provide]                        PROVIDE (__tls_align = MAX (ALIGNOF (.tdata), ALIGNOF (.tbss)))
                [!provide]                        PROVIDE (__tls_size_align = (((__tls_size + __tls_align) - 0x1) & ~ ((__tls_align - 0x1))))
                [!provide]                        PROVIDE (__arm32_tls_tcb_offset = MAX (0x8, __tls_align))
                [!provide]                        PROVIDE (_end = __end__)
                [!provide]                        PROVIDE (__llvm_libc_heap_limit = __HeapLimit)
                0x00000001                        ASSERT ((__StackLimit >= __HeapLimit), region RAM overflowed)
                0x00000001                        ASSERT (((__binary_info_header_end - __logical_binary_start) <= 0x100), Binary info must be in first 256 bytes of the binary)
LOAD CMakeFiles/teclado_matricial.dir/teclado_matricial.c.obj
LOAD CMakeFiles/teclado_matricial.dir/C_/Users/User/.pico-sdk/sdk/2.1.0/src/rp2_common/pico_stdlib/stdlib.c.obj
LOAD CMakeFiles/teclado_matricial.dir/C_/Users/User/.pico-sdk/sdk/2.1.0/src/rp2_common/hardware_gpio/gpio.c.obj
LOAD CMakeFiles/teclado_matricial.dir/C_/Users/User/.pico-sdk/sdk/2.1.0/src/rp2040/pico_platform/platform.c.obj
LOAD CMakeFiles/teclado_matricial.dir/C_/Users/User/.pico-sdk/sdk/2.1.0/src/rp2_common/pico_platform_panic/panic.c.obj
LOAD CMakeFiles/teclado_matricial.dir/C_/Users/User/.pico-sdk/sdk/2.1.0/src/common/hardware_claim/claim.c.obj
LOAD CMakeFiles/teclado_matricial.dir/C_/Users/User/.pico-sdk/sdk/2.1.0/src/rp2_common/hardware_sync/sync.c.obj
LOAD CMakeFiles/teclado_matricial.dir/C_/Users/User/.pico-sdk/sdk/2.1.0/src/rp2_common/hardware_sync_spin_lock/sync_spin_lock.c.obj
LOAD CMakeFiles/teclado_matricial.dir/C_/Users/User/.pico-sdk/sdk/2.1.0/src/rp2_common/hardware_irq/irq.c.obj
LOAD CMakeFiles/teclado_matricial.dir/C_/Users/User/.pico-sdk/sdk/2.1.0/src/rp2_common/hardware_irq/irq_handler_chain.S.obj
LOAD CMakeFiles/teclado_matricial.dir/C_/Users/User/.pico-sdk/sdk/2.1.0/src/common/pico_sync/sem.c.obj
LOAD CMakeFiles/teclado_matricial.dir/C_/Users/User/.pico-sdk/sdk/2.1.0/src/common/pico_sync/lock_core.c.obj
LOAD CMakeFiles/teclado_matricial.dir/C_/Users/User/.pico-sdk/sdk/2.1.0/src/common/pico_sync/mutex.c.obj
LOAD CMakeFiles/teclado_matricial.dir/C_/Users/User/.pico-sdk/sdk/2.1.0/src/common/pico_sync/critical_section.c.obj
LOAD CMakeFiles/teclado_matricial.dir/C_/Users/User/.pico-sdk/sdk/2.1.0/src/common/pico_time/time.c.obj
LOAD CMakeFiles/teclado_matricial.dir/C_/Users/User/.pico-sdk/sdk/2.1.0/src/common/pico_time/timeout_helper.c.obj
LOAD CMakeFiles/teclado_matricial.dir/C_/Users/User/.pico-sdk/sdk/2.1.0/src/rp2_common/hardware_timer/timer.c.obj
LOAD CMakeFiles/teclado_matricial.dir/C_/Users/User/.pico-sdk/sdk/2.1.0/src/common/pico_util/datetime.c.obj
LOAD CMakeFiles/teclado_matricial.dir/C_/Users/User/.pico-sdk/sdk/2.1.0/src/common/pico_util/pheap.c.obj
LOAD CMakeFiles/teclado_matricial.dir/C_/Users/User/.pico-sdk/sdk/2.1.0/src/common/pico_util/queue.c.obj
LOAD CMakeFiles/teclado_matricial.dir/C_/Users/User/.pico-sdk/sdk/2.1.0/src/rp2_common/hardware_uart/uart.c.obj
LOAD CMakeFiles/teclado_matricial.dir/C_/Users/User/.pico-sdk/sdk/2.1.0/src/rp2_common/hardware_clocks/clocks.c.obj
LOAD CMakeFiles/teclado_matricial.dir/C_/Users/User/.pico-sdk/sdk/2.1.0/src/rp2_common/hardware_pll/pll.c.obj
LOAD CMakeFiles/teclado_matricial.dir/C_/Users/User/.pico-sdk/sdk/2.1.0/src/rp2_common/hardware_vreg/vreg.c.obj
LOAD CMakeFiles/teclado_matricial.dir/C_/Users/User/.pico-sdk/sdk/2.1.0/src/rp2_common/hardware_watchdog/watchdog.c.obj
LOAD CMakeFiles/teclado_matricial.dir/C_/Users/User/.pico-sdk/sdk/2.1.0/src/rp2_common/hardware_ticks/ticks.c.obj
LOAD CMakeFiles/teclado_matricial.dir/C_/Users/User/.pico-sdk/sdk/2.1.0/src/rp2_common/pico_bootrom/bootrom.c.obj
LOAD CMakeFiles/teclado_matricial.dir/C_/Users/User/.pico-sdk/sdk/2.1.0/src/rp2_common/pico_bootrom/bootrom_lock.c.obj
LOAD CMakeFiles/teclado_matricial.dir/C_/Users/User/.pico-sdk/sdk/2.1.0/src/rp2_common/hardware_boot_lock/boot_lock.c.obj
LOAD CMakeFiles/teclado_matricial.dir/C_/Users/User/.pico-sdk/sdk/2.1.0/src/rp2_common/pico_flash/flash.c.obj
LOAD CMakeFiles/teclado_matricial.dir/C_/Users/User/.pico-sdk/sdk/2.1.0/src/rp2_common/hardware_xosc/xosc.c.obj
LOAD CMakeFiles/teclado_matricial.dir/C_/Users/User/.pico-sdk/sdk/2.1.0/src/rp2_common/hardware_divider/divider.S.obj
LOAD CMakeFiles/teclado_matricial.dir/C_/Users/User/.pico-sdk/sdk/2.1.0/src/rp2_common/pico_runtime/runtime.c.obj
LOAD CMakeFiles/teclado_matricial.dir/C_/Users/User/.pico-sdk/sdk/2.1.0/src/rp2_common/pico_runtime_init/runtime_init.c.obj
LOAD CMakeFiles/teclado_matricial.dir/C_/Users/User/.pico-sdk/sdk/2.1.0/src/rp2_common/pico_runtime_init/runtime_init_clocks.c.obj
LOAD CMakeFiles/teclado_matricial.dir/C_/Users/User/.pico-sdk/sdk/2.1.0/src/rp2_common/pico_runtime_init/runtime_init_stack_guard.c.obj
LOAD CMakeFiles/teclado_matricial.dir/C_/Users/User/.pico-sdk/sdk/2.1.0/src/rp2_common/pico_bit_ops/bit_ops_aeabi.S.obj
LOAD CMakeFiles/teclado_matricial.dir/C_/Users/User/.pico-sdk/sdk/2.1.0/src/rp2_common/pico_divider/divider_hardware.S.obj
LOAD CMakeFiles/teclado_matricial.dir/C_/Users/User/.pico-sdk/sdk/2.1.0/src/rp2_common/pico_double/double_aeabi_rp2040.S.obj
LOAD CMakeFiles/teclado_matricial.dir/C_/Users/User/.pico-sdk/sdk/2.1.0/src/rp2_common/pico_double/double_init_rom_rp2040.c.obj
LOAD CMakeFiles/teclado_matricial.dir/C_/Users/User/.pico-sdk/sdk/2.1.0/src/rp2_common/pico_double/double_math.c.obj
LOAD CMakeFiles/teclado_matricial.dir/C_/Users/User/.pico-sdk/sdk/2.1.0/src/rp2_common/pico_double/double_v1_rom_shim_rp2040.S.obj
LOAD CMakeFiles/teclado_matricial.dir/C_/Users/User/.pico-sdk/sdk/2.1.0/src/rp2_common/pico_int64_ops/pico_int64_ops_aeabi.S.obj
LOAD CMakeFiles/teclado_matricial.dir/C_/Users/User/.pico-sdk/sdk/2.1.0/src/rp2_common/pico_float/float_aeabi_rp2040.S.obj
LOAD CMakeFiles/teclado_matricial.dir/C_/Users/User/.pico-sdk/sdk/2.1.0/src/rp2_common/pico_float/float_init_rom_rp2040.c.obj
LOAD CMakeFiles/teclado_matricial.dir/C_/Users/User/.pico-sdk/sdk/2.1.0/src/rp2_common/pico_float/float_math.c.obj
LOAD CMakeFiles/teclado_matricial.dir/C_/Users/User/.pico-sdk/sdk/2.1.0/src/rp2_common/pico_float/float_v1_rom_shim_rp2040.S.obj
LOAD CMakeFiles/teclado_matricial.dir/C_/Users/User/.pico-sdk/sdk/2.1.0/src/rp2_common/pico_malloc/malloc.c.obj
LOAD CMakeFiles/teclado_matricial.dir/C_/Users/User/.pico-sdk/sdk/2.1.0/src/rp2_common/pico_mem_ops/mem_ops_aeabi.S.obj
LOAD CMakeFiles/teclado_matricial.dir/C_/Users/User/.pico-sdk/sdk/2.1.0/src/rp2_common/pico_atomic/atomic.c.obj
LOAD CMakeFiles/teclado_matricial.dir/C_/Users/User/.pico-sdk/sdk/2.1.0/src/rp2_common/pico_cxx_options/new_delete.cpp.obj
LOAD CMakeFiles/teclado_matricial.dir/C_/Users/User/.pico-sdk/sdk/2.1.0/src/rp2_common/pico_standard_binary_info/standard_binary_info.c.obj
LOAD CMakeFiles/teclado_matricial.dir/C_/Users/User/.pico-sdk/sdk/2.1.0/src/rp2_common/pico_printf/printf.c.obj
LOAD CMakeFiles/teclado_matricial.dir/C_/Users/User/.pico-sdk/sdk/2.1.0/src/rp2_common/pico_crt0/crt0.S.obj
LOAD CMakeFiles/teclado_matricial.dir/C_/Users/User/.pico-sdk/sdk/2.1.0/src/rp2_common/pico_clib_interface/newlib_interface.c.obj
LOAD CMakeFiles/teclado_matricial.dir/C_/Users/User/.pico-sdk/sdk/2.1.0/src/rp2_common/pico_stdio/stdio.c.obj
LOAD pico-sdk/src/rp2040/boot_stage2/CMakeFiles/bs2_default_library.dir/./bs2_default_padded_checksummed.S.obj
LOAD C:/Users/User/.pico-sdk/toolchain/13_3_Rel1/bin/../lib/gcc/arm-none-eabi/13.3.1/thumb/v6-m/nofp\libstdc++.a
LOAD C:/Users/User/.pico-sdk/toolchain/13_3_Rel1/bin/../lib/gcc/arm-none-eabi/13.3.1/thumb/v6-m/nofp\libm.a
START GROUP
LOAD C:/Users/User/.pico-sdk/toolchain/13_3_Rel1/bin/../lib/gcc/arm-none-eabi/13.3.1/thumb/v6-m/nofp\libgcc.a
LOAD C:/Users/User/.pico-sdk/toolchain/13_3_Rel1/bin/../lib/gcc/arm-none-eabi/13.3.1/thumb/v6-m/nofp\libg.a
LOAD C:/Users/User/.pico-sdk/toolchain/13_3_Rel1/bin/../lib/gcc/arm-none-eabi/13.3.1/thumb/v6-m/nofp\libc.a
END GROUP
START GROUP
LOAD C:/Users/User/.pico-sdk/toolchain/13_3_Rel1/bin/../lib/gcc/arm-none-eabi/13.3.1/thumb/v6-m/nofp\libgcc.a
LOAD C:/Users/User/.pico-sdk/toolchain/13_3_Rel1/bin/../lib/gcc/arm-none-eabi/13.3.1/thumb/v6-m/nofp\libc.a
LOAD C:/Users/User/.pico-sdk/toolchain/13_3_Rel1/bin/../lib/gcc/arm-none-eabi/13.3.1/thumb/v6-m/nofp\libnosys.a
END GROUP
LOAD C:/Users/User/.pico-sdk/toolchain/13_3_Rel1/bin/../lib/gcc/arm-none-eabi/13.3.1/thumb/v6-m/nofp/crtend.o
LOAD C:/Users/User/.pico-sdk/toolchain/13_3_Rel1/bin/../lib/gcc/arm-none-eabi/13.3.1/thumb/v6-m/nofp/crtn.o
OUTPUT(teclado_matricial.elf elf32-littlearm)
LOAD linker stubs

.ARM.attributes
                0x00000000       0x28
 .ARM.attributes
                0x00000000       0x1e C:/Users/User/.pico-sdk/toolchain/13_3_Rel1/bin/../lib/gcc/arm-none-eabi/13.3.1/thumb/v6-m/nofp/crti.o
 .ARM.attributes
                0x0000001e       0x2c C:/Users/User/.pico-sdk/toolchain/13_3_Rel1/bin/../lib/gcc/arm-none-eabi/13.3.1/thumb/v6-m/nofp/crtbegin.o
 .ARM.attributes
                0x0000004a       0x2c CMakeFiles/teclado_matricial.dir/teclado_matricial.c.obj
 .ARM.attributes
                0x00000076       0x2c CMakeFiles/teclado_matricial.dir/C_/Users/User/.pico-sdk/sdk/2.1.0/src/rp2_common/hardware_gpio/gpio.c.obj
 .ARM.attributes
                0x000000a2       0x2c CMakeFiles/teclado_matricial.dir/C_/Users/User/.pico-sdk/sdk/2.1.0/src/rp2_common/pico_platform_panic/panic.c.obj
 .ARM.attributes
                0x000000ce       0x2c CMakeFiles/teclado_matricial.dir/C_/Users/User/.pico-sdk/sdk/2.1.0/src/common/hardware_claim/claim.c.obj
 .ARM.attributes
                0x000000fa       0x2c CMakeFiles/teclado_matricial.dir/C_/Users/User/.pico-sdk/sdk/2.1.0/src/rp2_common/hardware_sync/sync.c.obj
 .ARM.attributes
                0x00000126       0x2c CMakeFiles/teclado_matricial.dir/C_/Users/User/.pico-sdk/sdk/2.1.0/src/rp2_common/hardware_sync_spin_lock/sync_spin_lock.c.obj
 .ARM.attributes
                0x00000152       0x2c CMakeFiles/teclado_matricial.dir/C_/Users/User/.pico-sdk/sdk/2.1.0/src/rp2_common/hardware_irq/irq.c.obj
 .ARM.attributes
                0x0000017e       0x2c CMakeFiles/teclado_matricial.dir/C_/Users/User/.pico-sdk/sdk/2.1.0/src/common/pico_sync/lock_core.c.obj
 .ARM.attributes
                0x000001aa       0x2c CMakeFiles/teclado_matricial.dir/C_/Users/User/.pico-sdk/sdk/2.1.0/src/common/pico_sync/mutex.c.obj
 .ARM.attributes
                0x000001d6       0x2c CMakeFiles/teclado_matricial.dir/C_/Users/User/.pico-sdk/sdk/2.1.0/src/common/pico_time/time.c.obj
 .ARM.attributes
                0x00000202       0x2c CMakeFiles/teclado_matricial.dir/C_/Users/User/.pico-sdk/sdk/2.1.0/src/rp2_common/hardware_timer/timer.c.obj
 .ARM.attributes
                0x0000022e       0x2c CMakeFiles/teclado_matricial.dir/C_/Users/User/.pico-sdk/sdk/2.1.0/src/rp2_common/hardware_clocks/clocks.c.obj
 .ARM.attributes
                0x0000025a       0x2c CMakeFiles/teclado_matricial.dir/C_/Users/User/.pico-sdk/sdk/2.1.0/src/rp2_common/hardware_pll/pll.c.obj
 .ARM.attributes
                0x00000286       0x2c CMakeFiles/teclado_matricial.dir/C_/Users/User/.pico-sdk/sdk/2.1.0/src/rp2_common/hardware_ticks/ticks.c.obj
 .ARM.attributes
                0x000002b2       0x2c CMakeFiles/teclado_matricial.dir/C_/Users/User/.pico-sdk/sdk/2.1.0/src/rp2_common/pico_bootrom/bootrom.c.obj
 .ARM.attributes
                0x000002de       0x2c CMakeFiles/teclado_matricial.dir/C_/Users/User/.pico-sdk/sdk/2.1.0/src/rp2_common/hardware_xosc/xosc.c.obj
 .ARM.attributes
                0x0000030a       0x2c CMakeFiles/teclado_matricial.dir/C_/Users/User/.pico-sdk/sdk/2.1.0/src/rp2_common/pico_runtime/runtime.c.obj
 .ARM.attributes
                0x00000336       0x2c CMakeFiles/teclado_matricial.dir/C_/Users/User/.pico-sdk/sdk/2.1.0/src/rp2_common/pico_runtime_init/runtime_init.c.obj
 .ARM.attributes
                0x00000362       0x2c CMakeFiles/teclado_matricial.dir/C_/Users/User/.pico-sdk/sdk/2.1.0/src/rp2_common/pico_runtime_init/runtime_init_clocks.c.obj
 .ARM.attributes
                0x0000038e       0x22 CMakeFiles/teclado_matricial.dir/C_/Users/User/.pico-sdk/sdk/2.1.0/src/rp2_common/pico_bit_ops/bit_ops_aeabi.S.obj
 .ARM.attributes
                0x000003b0       0x22 CMakeFiles/teclado_matricial.dir/C_/Users/User/.pico-sdk/sdk/2.1.0/src/rp2_common/pico_divider/divider_hardware.S.obj
 .ARM.attributes
                0x000003d2       0x22 CMakeFiles/teclado_matricial.dir/C_/Users/User/.pico-sdk/sdk/2.1.0/src/rp2_common/pico_double/double_aeabi_rp2040.S.obj
 .ARM.attributes
                0x000003f4       0x2c CMakeFiles/teclado_matricial.dir/C_/Users/User/.pico-sdk/sdk/2.1.0/src/rp2_common/pico_double/double_init_rom_rp2040.c.obj
 .ARM.attributes
                0x00000420       0x22 CMakeFiles/teclado_matricial.dir/C_/Users/User/.pico-sdk/sdk/2.1.0/src/rp2_common/pico_double/double_v1_rom_shim_rp2040.S.obj
 .ARM.attributes
                0x00000442       0x22 CMakeFiles/teclado_matricial.dir/C_/Users/User/.pico-sdk/sdk/2.1.0/src/rp2_common/pico_int64_ops/pico_int64_ops_aeabi.S.obj
 .ARM.attributes
                0x00000464       0x22 CMakeFiles/teclado_matricial.dir/C_/Users/User/.pico-sdk/sdk/2.1.0/src/rp2_common/pico_float/float_aeabi_rp2040.S.obj
 .ARM.attributes
                0x00000486       0x2c CMakeFiles/teclado_matricial.dir/C_/Users/User/.pico-sdk/sdk/2.1.0/src/rp2_common/pico_float/float_init_rom_rp2040.c.obj
 .ARM.attributes
                0x000004b2       0x22 CMakeFiles/teclado_matricial.dir/C_/Users/User/.pico-sdk/sdk/2.1.0/src/rp2_common/pico_mem_ops/mem_ops_aeabi.S.obj
 .ARM.attributes
                0x000004d4       0x2c CMakeFiles/teclado_matricial.dir/C_/Users/User/.pico-sdk/sdk/2.1.0/src/rp2_common/pico_standard_binary_info/standard_binary_info.c.obj
 .ARM.attributes
                0x00000500       0x2c CMakeFiles/teclado_matricial.dir/C_/Users/User/.pico-sdk/sdk/2.1.0/src/rp2_common/pico_printf/printf.c.obj
 .ARM.attributes
                0x0000052c       0x22 CMakeFiles/teclado_matricial.dir/C_/Users/User/.pico-sdk/sdk/2.1.0/src/rp2_common/pico_crt0/crt0.S.obj
 .ARM.attributes
                0x0000054e       0x2c CMakeFiles/teclado_matricial.dir/C_/Users/User/.pico-sdk/sdk/2.1.0/src/rp2_common/pico_clib_interface/newlib_interface.c.obj
 .ARM.attributes
                0x0000057a       0x2c CMakeFiles/teclado_matricial.dir/C_/Users/User/.pico-sdk/sdk/2.1.0/src/rp2_common/pico_stdio/stdio.c.obj
 .ARM.attributes
                0x000005a6       0x22 pico-sdk/src/rp2040/boot_stage2/CMakeFiles/bs2_default_library.dir/./bs2_default_padded_checksummed.S.obj
 .ARM.attributes
                0x000005c8       0x1e C:/Users/User/.pico-sdk/toolchain/13_3_Rel1/bin/../lib/gcc/arm-none-eabi/13.3.1/thumb/v6-m/nofp\libgcc.a(_dvmd_tls.o)
 .ARM.attributes
                0x000005e6       0x2c C:/Users/User/.pico-sdk/toolchain/13_3_Rel1/bin/../lib/gcc/arm-none-eabi/13.3.1/thumb/v6-m/nofp\libg.a(libc_a-strlen-stub.o)
 .ARM.attributes
                0x00000612       0x2c C:/Users/User/.pico-sdk/toolchain/13_3_Rel1/bin/../lib/gcc/arm-none-eabi/13.3.1/thumb/v6-m/nofp/crtend.o

.comment        0x00000000       0x45
 .comment       0x00000000       0x45 CMakeFiles/teclado_matricial.dir/teclado_matricial.c.obj
                                 0x46 (size before relaxing)
 .comment       0x00000045       0x46 CMakeFiles/teclado_matricial.dir/C_/Users/User/.pico-sdk/sdk/2.1.0/src/rp2_common/hardware_gpio/gpio.c.obj
 .comment       0x00000045       0x46 CMakeFiles/teclado_matricial.dir/C_/Users/User/.pico-sdk/sdk/2.1.0/src/rp2_common/pico_platform_panic/panic.c.obj
 .comment       0x00000045       0x46 CMakeFiles/teclado_matricial.dir/C_/Users/User/.pico-sdk/sdk/2.1.0/src/common/hardware_claim/claim.c.obj
 .comment       0x00000045       0x46 CMakeFiles/teclado_matricial.dir/C_/Users/User/.pico-sdk/sdk/2.1.0/src/rp2_common/hardware_sync/sync.c.obj
 .comment       0x00000045       0x46 CMakeFiles/teclado_matricial.dir/C_/Users/User/.pico-sdk/sdk/2.1.0/src/rp2_common/hardware_sync_spin_lock/sync_spin_lock.c.obj
 .comment       0x00000045       0x46 CMakeFiles/teclado_matricial.dir/C_/Users/User/.pico-sdk/sdk/2.1.0/src/rp2_common/hardware_irq/irq.c.obj
 .comment       0x00000045       0x46 CMakeFiles/teclado_matricial.dir/C_/Users/User/.pico-sdk/sdk/2.1.0/src/common/pico_sync/lock_core.c.obj
 .comment       0x00000045       0x46 CMakeFiles/teclado_matricial.dir/C_/Users/User/.pico-sdk/sdk/2.1.0/src/common/pico_sync/mutex.c.obj
 .comment       0x00000045       0x46 CMakeFiles/teclado_matricial.dir/C_/Users/User/.pico-sdk/sdk/2.1.0/src/common/pico_time/time.c.obj
 .comment       0x00000045       0x46 CMakeFiles/teclado_matricial.dir/C_/Users/User/.pico-sdk/sdk/2.1.0/src/rp2_common/hardware_timer/timer.c.obj
 .comment       0x00000045       0x46 CMakeFiles/teclado_matricial.dir/C_/Users/User/.pico-sdk/sdk/2.1.0/src/rp2_common/hardware_clocks/clocks.c.obj
 .comment       0x00000045       0x46 CMakeFiles/teclado_matricial.dir/C_/Users/User/.pico-sdk/sdk/2.1.0/src/rp2_common/hardware_pll/pll.c.obj
 .comment       0x00000045       0x46 CMakeFiles/teclado_matricial.dir/C_/Users/User/.pico-sdk/sdk/2.1.0/src/rp2_common/hardware_ticks/ticks.c.obj
 .comment       0x00000045       0x46 CMakeFiles/teclado_matricial.dir/C_/Users/User/.pico-sdk/sdk/2.1.0/src/rp2_common/pico_bootrom/bootrom.c.obj
 .comment       0x00000045       0x46 CMakeFiles/teclado_matricial.dir/C_/Users/User/.pico-sdk/sdk/2.1.0/src/rp2_common/hardware_xosc/xosc.c.obj
 .comment       0x00000045       0x46 CMakeFiles/teclado_matricial.dir/C_/Users/User/.pico-sdk/sdk/2.1.0/src/rp2_common/pico_runtime/runtime.c.obj
 .comment       0x00000045       0x46 CMakeFiles/teclado_matricial.dir/C_/Users/User/.pico-sdk/sdk/2.1.0/src/rp2_common/pico_runtime_init/runtime_init.c.obj
 .comment       0x00000045       0x46 CMakeFiles/teclado_matricial.dir/C_/Users/User/.pico-sdk/sdk/2.1.0/src/rp2_common/pico_runtime_init/runtime_init_clocks.c.obj
 .comment       0x00000045       0x46 CMakeFiles/teclado_matricial.dir/C_/Users/User/.pico-sdk/sdk/2.1.0/src/rp2_common/pico_double/double_init_rom_rp2040.c.obj
 .comment       0x00000045       0x46 CMakeFiles/teclado_matricial.dir/C_/Users/User/.pico-sdk/sdk/2.1.0/src/rp2_common/pico_float/float_init_rom_rp2040.c.obj
 .comment       0x00000045       0x46 CMakeFiles/teclado_matricial.dir/C_/Users/User/.pico-sdk/sdk/2.1.0/src/rp2_common/pico_standard_binary_info/standard_binary_info.c.obj
 .comment       0x00000045       0x46 CMakeFiles/teclado_matricial.dir/C_/Users/User/.pico-sdk/sdk/2.1.0/src/rp2_common/pico_printf/printf.c.obj
 .comment       0x00000045       0x46 CMakeFiles/teclado_matricial.dir/C_/Users/User/.pico-sdk/sdk/2.1.0/src/rp2_common/pico_clib_interface/newlib_interface.c.obj
 .comment       0x00000045       0x46 CMakeFiles/teclado_matricial.dir/C_/Users/User/.pico-sdk/sdk/2.1.0/src/rp2_common/pico_stdio/stdio.c.obj

.debug_info     0x00000000    0x1b5c5
 .debug_info    0x00000000     0x260f CMakeFiles/teclado_matricial.dir/teclado_matricial.c.obj
 .debug_info    0x0000260f     0x2437 CMakeFiles/teclado_matricial.dir/C_/Users/User/.pico-sdk/sdk/2.1.0/src/rp2_common/hardware_gpio/gpio.c.obj
 .debug_info    0x00004a46      0x1bf CMakeFiles/teclado_matricial.dir/C_/Users/User/.pico-sdk/sdk/2.1.0/src/rp2_common/pico_platform_panic/panic.c.obj
 .debug_info    0x00004c05      0x995 CMakeFiles/teclado_matricial.dir/C_/Users/User/.pico-sdk/sdk/2.1.0/src/common/hardware_claim/claim.c.obj
 .debug_info    0x0000559a      0x458 CMakeFiles/teclado_matricial.dir/C_/Users/User/.pico-sdk/sdk/2.1.0/src/rp2_common/hardware_sync/sync.c.obj
 .debug_info    0x000059f2      0x245 CMakeFiles/teclado_matricial.dir/C_/Users/User/.pico-sdk/sdk/2.1.0/src/rp2_common/hardware_sync_spin_lock/sync_spin_lock.c.obj
 .debug_info    0x00005c37     0x21a8 CMakeFiles/teclado_matricial.dir/C_/Users/User/.pico-sdk/sdk/2.1.0/src/rp2_common/hardware_irq/irq.c.obj
 .debug_info    0x00007ddf      0x15f CMakeFiles/teclado_matricial.dir/C_/Users/User/.pico-sdk/sdk/2.1.0/src/common/pico_sync/lock_core.c.obj
 .debug_info    0x00007f3e     0x2803 CMakeFiles/teclado_matricial.dir/C_/Users/User/.pico-sdk/sdk/2.1.0/src/common/pico_sync/mutex.c.obj
 .debug_info    0x0000a741     0x485e CMakeFiles/teclado_matricial.dir/C_/Users/User/.pico-sdk/sdk/2.1.0/src/common/pico_time/time.c.obj
 .debug_info    0x0000ef9f     0x2b11 CMakeFiles/teclado_matricial.dir/C_/Users/User/.pico-sdk/sdk/2.1.0/src/rp2_common/hardware_timer/timer.c.obj
 .debug_info    0x00011ab0     0x2935 CMakeFiles/teclado_matricial.dir/C_/Users/User/.pico-sdk/sdk/2.1.0/src/rp2_common/hardware_clocks/clocks.c.obj
 .debug_info    0x000143e5      0x4e5 CMakeFiles/teclado_matricial.dir/C_/Users/User/.pico-sdk/sdk/2.1.0/src/rp2_common/hardware_pll/pll.c.obj
 .debug_info    0x000148ca      0x248 CMakeFiles/teclado_matricial.dir/C_/Users/User/.pico-sdk/sdk/2.1.0/src/rp2_common/hardware_ticks/ticks.c.obj
 .debug_info    0x00014b12      0x633 CMakeFiles/teclado_matricial.dir/C_/Users/User/.pico-sdk/sdk/2.1.0/src/rp2_common/pico_bootrom/bootrom.c.obj
 .debug_info    0x00015145      0x1cc CMakeFiles/teclado_matricial.dir/C_/Users/User/.pico-sdk/sdk/2.1.0/src/rp2_common/hardware_xosc/xosc.c.obj
 .debug_info    0x00015311      0x21a CMakeFiles/teclado_matricial.dir/C_/Users/User/.pico-sdk/sdk/2.1.0/src/rp2_common/pico_runtime/runtime.c.obj
 .debug_info    0x0001552b      0x795 CMakeFiles/teclado_matricial.dir/C_/Users/User/.pico-sdk/sdk/2.1.0/src/rp2_common/pico_runtime_init/runtime_init.c.obj
 .debug_info    0x00015cc0      0x780 CMakeFiles/teclado_matricial.dir/C_/Users/User/.pico-sdk/sdk/2.1.0/src/rp2_common/pico_runtime_init/runtime_init_clocks.c.obj
 .debug_info    0x00016440       0x23 CMakeFiles/teclado_matricial.dir/C_/Users/User/.pico-sdk/sdk/2.1.0/src/rp2_common/pico_bit_ops/bit_ops_aeabi.S.obj
 .debug_info    0x00016463       0x23 CMakeFiles/teclado_matricial.dir/C_/Users/User/.pico-sdk/sdk/2.1.0/src/rp2_common/pico_divider/divider_hardware.S.obj
 .debug_info    0x00016486       0x23 CMakeFiles/teclado_matricial.dir/C_/Users/User/.pico-sdk/sdk/2.1.0/src/rp2_common/pico_double/double_aeabi_rp2040.S.obj
 .debug_info    0x000164a9      0x2d0 CMakeFiles/teclado_matricial.dir/C_/Users/User/.pico-sdk/sdk/2.1.0/src/rp2_common/pico_double/double_init_rom_rp2040.c.obj
 .debug_info    0x00016779       0x24 CMakeFiles/teclado_matricial.dir/C_/Users/User/.pico-sdk/sdk/2.1.0/src/rp2_common/pico_double/double_v1_rom_shim_rp2040.S.obj
 .debug_info    0x0001679d       0x24 CMakeFiles/teclado_matricial.dir/C_/Users/User/.pico-sdk/sdk/2.1.0/src/rp2_common/pico_int64_ops/pico_int64_ops_aeabi.S.obj
 .debug_info    0x000167c1       0x23 CMakeFiles/teclado_matricial.dir/C_/Users/User/.pico-sdk/sdk/2.1.0/src/rp2_common/pico_float/float_aeabi_rp2040.S.obj
 .debug_info    0x000167e4      0x2bc CMakeFiles/teclado_matricial.dir/C_/Users/User/.pico-sdk/sdk/2.1.0/src/rp2_common/pico_float/float_init_rom_rp2040.c.obj
 .debug_info    0x00016aa0       0x23 CMakeFiles/teclado_matricial.dir/C_/Users/User/.pico-sdk/sdk/2.1.0/src/rp2_common/pico_mem_ops/mem_ops_aeabi.S.obj
 .debug_info    0x00016ac3      0x2e2 CMakeFiles/teclado_matricial.dir/C_/Users/User/.pico-sdk/sdk/2.1.0/src/rp2_common/pico_standard_binary_info/standard_binary_info.c.obj
 .debug_info    0x00016da5     0x211a CMakeFiles/teclado_matricial.dir/C_/Users/User/.pico-sdk/sdk/2.1.0/src/rp2_common/pico_printf/printf.c.obj
 .debug_info    0x00018ebf       0x23 CMakeFiles/teclado_matricial.dir/C_/Users/User/.pico-sdk/sdk/2.1.0/src/rp2_common/pico_crt0/crt0.S.obj
 .debug_info    0x00018ee2      0xb54 CMakeFiles/teclado_matricial.dir/C_/Users/User/.pico-sdk/sdk/2.1.0/src/rp2_common/pico_clib_interface/newlib_interface.c.obj
 .debug_info    0x00019a36     0x1b8f CMakeFiles/teclado_matricial.dir/C_/Users/User/.pico-sdk/sdk/2.1.0/src/rp2_common/pico_stdio/stdio.c.obj

.debug_abbrev   0x00000000     0x4cfa
 .debug_abbrev  0x00000000      0x4c7 CMakeFiles/teclado_matricial.dir/teclado_matricial.c.obj
 .debug_abbrev  0x000004c7      0x4f9 CMakeFiles/teclado_matricial.dir/C_/Users/User/.pico-sdk/sdk/2.1.0/src/rp2_common/hardware_gpio/gpio.c.obj
 .debug_abbrev  0x000009c0      0x12b CMakeFiles/teclado_matricial.dir/C_/Users/User/.pico-sdk/sdk/2.1.0/src/rp2_common/pico_platform_panic/panic.c.obj
 .debug_abbrev  0x00000aeb      0x33b CMakeFiles/teclado_matricial.dir/C_/Users/User/.pico-sdk/sdk/2.1.0/src/common/hardware_claim/claim.c.obj
 .debug_abbrev  0x00000e26      0x20d CMakeFiles/teclado_matricial.dir/C_/Users/User/.pico-sdk/sdk/2.1.0/src/rp2_common/hardware_sync/sync.c.obj
 .debug_abbrev  0x00001033      0x1bb CMakeFiles/teclado_matricial.dir/C_/Users/User/.pico-sdk/sdk/2.1.0/src/rp2_common/hardware_sync_spin_lock/sync_spin_lock.c.obj
 .debug_abbrev  0x000011ee      0x5ff CMakeFiles/teclado_matricial.dir/C_/Users/User/.pico-sdk/sdk/2.1.0/src/rp2_common/hardware_irq/irq.c.obj
 .debug_abbrev  0x000017ed       0xee CMakeFiles/teclado_matricial.dir/C_/Users/User/.pico-sdk/sdk/2.1.0/src/common/pico_sync/lock_core.c.obj
 .debug_abbrev  0x000018db      0x48c CMakeFiles/teclado_matricial.dir/C_/Users/User/.pico-sdk/sdk/2.1.0/src/common/pico_sync/mutex.c.obj
 .debug_abbrev  0x00001d67      0x67b CMakeFiles/teclado_matricial.dir/C_/Users/User/.pico-sdk/sdk/2.1.0/src/common/pico_time/time.c.obj
 .debug_abbrev  0x000023e2      0x4f2 CMakeFiles/teclado_matricial.dir/C_/Users/User/.pico-sdk/sdk/2.1.0/src/rp2_common/hardware_timer/timer.c.obj
 .debug_abbrev  0x000028d4      0x4e2 CMakeFiles/teclado_matricial.dir/C_/Users/User/.pico-sdk/sdk/2.1.0/src/rp2_common/hardware_clocks/clocks.c.obj
 .debug_abbrev  0x00002db6      0x1d2 CMakeFiles/teclado_matricial.dir/C_/Users/User/.pico-sdk/sdk/2.1.0/src/rp2_common/hardware_pll/pll.c.obj
 .debug_abbrev  0x00002f88      0x145 CMakeFiles/teclado_matricial.dir/C_/Users/User/.pico-sdk/sdk/2.1.0/src/rp2_common/hardware_ticks/ticks.c.obj
 .debug_abbrev  0x000030cd      0x1d7 CMakeFiles/teclado_matricial.dir/C_/Users/User/.pico-sdk/sdk/2.1.0/src/rp2_common/pico_bootrom/bootrom.c.obj
 .debug_abbrev  0x000032a4      0x11b CMakeFiles/teclado_matricial.dir/C_/Users/User/.pico-sdk/sdk/2.1.0/src/rp2_common/hardware_xosc/xosc.c.obj
 .debug_abbrev  0x000033bf      0x182 CMakeFiles/teclado_matricial.dir/C_/Users/User/.pico-sdk/sdk/2.1.0/src/rp2_common/pico_runtime/runtime.c.obj
 .debug_abbrev  0x00003541      0x222 CMakeFiles/teclado_matricial.dir/C_/Users/User/.pico-sdk/sdk/2.1.0/src/rp2_common/pico_runtime_init/runtime_init.c.obj
 .debug_abbrev  0x00003763      0x294 CMakeFiles/teclado_matricial.dir/C_/Users/User/.pico-sdk/sdk/2.1.0/src/rp2_common/pico_runtime_init/runtime_init_clocks.c.obj
 .debug_abbrev  0x000039f7       0x12 CMakeFiles/teclado_matricial.dir/C_/Users/User/.pico-sdk/sdk/2.1.0/src/rp2_common/pico_bit_ops/bit_ops_aeabi.S.obj
 .debug_abbrev  0x00003a09       0x12 CMakeFiles/teclado_matricial.dir/C_/Users/User/.pico-sdk/sdk/2.1.0/src/rp2_common/pico_divider/divider_hardware.S.obj
 .debug_abbrev  0x00003a1b       0x12 CMakeFiles/teclado_matricial.dir/C_/Users/User/.pico-sdk/sdk/2.1.0/src/rp2_common/pico_double/double_aeabi_rp2040.S.obj
 .debug_abbrev  0x00003a2d      0x1bb CMakeFiles/teclado_matricial.dir/C_/Users/User/.pico-sdk/sdk/2.1.0/src/rp2_common/pico_double/double_init_rom_rp2040.c.obj
 .debug_abbrev  0x00003be8       0x14 CMakeFiles/teclado_matricial.dir/C_/Users/User/.pico-sdk/sdk/2.1.0/src/rp2_common/pico_double/double_v1_rom_shim_rp2040.S.obj
 .debug_abbrev  0x00003bfc       0x14 CMakeFiles/teclado_matricial.dir/C_/Users/User/.pico-sdk/sdk/2.1.0/src/rp2_common/pico_int64_ops/pico_int64_ops_aeabi.S.obj
 .debug_abbrev  0x00003c10       0x12 CMakeFiles/teclado_matricial.dir/C_/Users/User/.pico-sdk/sdk/2.1.0/src/rp2_common/pico_float/float_aeabi_rp2040.S.obj
 .debug_abbrev  0x00003c22      0x19e CMakeFiles/teclado_matricial.dir/C_/Users/User/.pico-sdk/sdk/2.1.0/src/rp2_common/pico_float/float_init_rom_rp2040.c.obj
 .debug_abbrev  0x00003dc0       0x12 CMakeFiles/teclado_matricial.dir/C_/Users/User/.pico-sdk/sdk/2.1.0/src/rp2_common/pico_mem_ops/mem_ops_aeabi.S.obj
 .debug_abbrev  0x00003dd2       0xb8 CMakeFiles/teclado_matricial.dir/C_/Users/User/.pico-sdk/sdk/2.1.0/src/rp2_common/pico_standard_binary_info/standard_binary_info.c.obj
 .debug_abbrev  0x00003e8a      0x525 CMakeFiles/teclado_matricial.dir/C_/Users/User/.pico-sdk/sdk/2.1.0/src/rp2_common/pico_printf/printf.c.obj
 .debug_abbrev  0x000043af       0x12 CMakeFiles/teclado_matricial.dir/C_/Users/User/.pico-sdk/sdk/2.1.0/src/rp2_common/pico_crt0/crt0.S.obj
 .debug_abbrev  0x000043c1      0x352 CMakeFiles/teclado_matricial.dir/C_/Users/User/.pico-sdk/sdk/2.1.0/src/rp2_common/pico_clib_interface/newlib_interface.c.obj
 .debug_abbrev  0x00004713      0x5e7 CMakeFiles/teclado_matricial.dir/C_/Users/User/.pico-sdk/sdk/2.1.0/src/rp2_common/pico_stdio/stdio.c.obj

.debug_loclists
                0x00000000    0x104a8
 .debug_loclists
                0x00000000     0x1762 CMakeFiles/teclado_matricial.dir/teclado_matricial.c.obj
 .debug_loclists
                0x00001762     0x1a03 CMakeFiles/teclado_matricial.dir/C_/Users/User/.pico-sdk/sdk/2.1.0/src/rp2_common/hardware_gpio/gpio.c.obj
 .debug_loclists
                0x00003165      0x36e CMakeFiles/teclado_matricial.dir/C_/Users/User/.pico-sdk/sdk/2.1.0/src/common/hardware_claim/claim.c.obj
 .debug_loclists
                0x000034d3       0xf1 CMakeFiles/teclado_matricial.dir/C_/Users/User/.pico-sdk/sdk/2.1.0/src/rp2_common/hardware_sync/sync.c.obj
 .debug_loclists
                0x000035c4       0x7d CMakeFiles/teclado_matricial.dir/C_/Users/User/.pico-sdk/sdk/2.1.0/src/rp2_common/hardware_sync_spin_lock/sync_spin_lock.c.obj
 .debug_loclists
                0x00003641     0x116f CMakeFiles/teclado_matricial.dir/C_/Users/User/.pico-sdk/sdk/2.1.0/src/rp2_common/hardware_irq/irq.c.obj
 .debug_loclists
                0x000047b0       0x41 CMakeFiles/teclado_matricial.dir/C_/Users/User/.pico-sdk/sdk/2.1.0/src/common/pico_sync/lock_core.c.obj
 .debug_loclists
                0x000047f1      0xafa CMakeFiles/teclado_matricial.dir/C_/Users/User/.pico-sdk/sdk/2.1.0/src/common/pico_sync/mutex.c.obj
 .debug_loclists
                0x000052eb     0x24bd CMakeFiles/teclado_matricial.dir/C_/Users/User/.pico-sdk/sdk/2.1.0/src/common/pico_time/time.c.obj
 .debug_loclists
                0x000077a8     0x1a12 CMakeFiles/teclado_matricial.dir/C_/Users/User/.pico-sdk/sdk/2.1.0/src/rp2_common/hardware_timer/timer.c.obj
 .debug_loclists
                0x000091ba     0x28a5 CMakeFiles/teclado_matricial.dir/C_/Users/User/.pico-sdk/sdk/2.1.0/src/rp2_common/hardware_clocks/clocks.c.obj
 .debug_loclists
                0x0000ba5f      0x1e0 CMakeFiles/teclado_matricial.dir/C_/Users/User/.pico-sdk/sdk/2.1.0/src/rp2_common/hardware_pll/pll.c.obj
 .debug_loclists
                0x0000bc3f       0x47 CMakeFiles/teclado_matricial.dir/C_/Users/User/.pico-sdk/sdk/2.1.0/src/rp2_common/hardware_ticks/ticks.c.obj
 .debug_loclists
                0x0000bc86      0x38a CMakeFiles/teclado_matricial.dir/C_/Users/User/.pico-sdk/sdk/2.1.0/src/rp2_common/pico_bootrom/bootrom.c.obj
 .debug_loclists
                0x0000c010       0x48 CMakeFiles/teclado_matricial.dir/C_/Users/User/.pico-sdk/sdk/2.1.0/src/rp2_common/hardware_xosc/xosc.c.obj
 .debug_loclists
                0x0000c058       0x7e CMakeFiles/teclado_matricial.dir/C_/Users/User/.pico-sdk/sdk/2.1.0/src/rp2_common/pico_runtime/runtime.c.obj
 .debug_loclists
                0x0000c0d6       0xba CMakeFiles/teclado_matricial.dir/C_/Users/User/.pico-sdk/sdk/2.1.0/src/rp2_common/pico_runtime_init/runtime_init.c.obj
 .debug_loclists
                0x0000c190       0x74 CMakeFiles/teclado_matricial.dir/C_/Users/User/.pico-sdk/sdk/2.1.0/src/rp2_common/pico_runtime_init/runtime_init_clocks.c.obj
 .debug_loclists
                0x0000c204       0x35 CMakeFiles/teclado_matricial.dir/C_/Users/User/.pico-sdk/sdk/2.1.0/src/rp2_common/pico_double/double_init_rom_rp2040.c.obj
 .debug_loclists
                0x0000c239       0x4e CMakeFiles/teclado_matricial.dir/C_/Users/User/.pico-sdk/sdk/2.1.0/src/rp2_common/pico_float/float_init_rom_rp2040.c.obj
 .debug_loclists
                0x0000c287     0x2f65 CMakeFiles/teclado_matricial.dir/C_/Users/User/.pico-sdk/sdk/2.1.0/src/rp2_common/pico_printf/printf.c.obj
 .debug_loclists
                0x0000f1ec      0x431 CMakeFiles/teclado_matricial.dir/C_/Users/User/.pico-sdk/sdk/2.1.0/src/rp2_common/pico_clib_interface/newlib_interface.c.obj
 .debug_loclists
                0x0000f61d      0xe8b CMakeFiles/teclado_matricial.dir/C_/Users/User/.pico-sdk/sdk/2.1.0/src/rp2_common/pico_stdio/stdio.c.obj

.debug_aranges  0x00000000      0xd80
 .debug_aranges
                0x00000000       0x40 CMakeFiles/teclado_matricial.dir/teclado_matricial.c.obj
 .debug_aranges
                0x00000040      0x120 CMakeFiles/teclado_matricial.dir/C_/Users/User/.pico-sdk/sdk/2.1.0/src/rp2_common/hardware_gpio/gpio.c.obj
 .debug_aranges
                0x00000160       0x28 CMakeFiles/teclado_matricial.dir/C_/Users/User/.pico-sdk/sdk/2.1.0/src/rp2_common/pico_platform_panic/panic.c.obj
 .debug_aranges
                0x00000188       0x48 CMakeFiles/teclado_matricial.dir/C_/Users/User/.pico-sdk/sdk/2.1.0/src/common/hardware_claim/claim.c.obj
 .debug_aranges
                0x000001d0       0x48 CMakeFiles/teclado_matricial.dir/C_/Users/User/.pico-sdk/sdk/2.1.0/src/rp2_common/hardware_sync/sync.c.obj
 .debug_aranges
                0x00000218       0x28 CMakeFiles/teclado_matricial.dir/C_/Users/User/.pico-sdk/sdk/2.1.0/src/rp2_common/hardware_sync_spin_lock/sync_spin_lock.c.obj
 .debug_aranges
                0x00000240       0xb0 CMakeFiles/teclado_matricial.dir/C_/Users/User/.pico-sdk/sdk/2.1.0/src/rp2_common/hardware_irq/irq.c.obj
 .debug_aranges
                0x000002f0       0x20 CMakeFiles/teclado_matricial.dir/C_/Users/User/.pico-sdk/sdk/2.1.0/src/common/pico_sync/lock_core.c.obj
 .debug_aranges
                0x00000310       0x98 CMakeFiles/teclado_matricial.dir/C_/Users/User/.pico-sdk/sdk/2.1.0/src/common/pico_sync/mutex.c.obj
 .debug_aranges
                0x000003a8       0xe0 CMakeFiles/teclado_matricial.dir/C_/Users/User/.pico-sdk/sdk/2.1.0/src/common/pico_time/time.c.obj
 .debug_aranges
                0x00000488       0xf0 CMakeFiles/teclado_matricial.dir/C_/Users/User/.pico-sdk/sdk/2.1.0/src/rp2_common/hardware_timer/timer.c.obj
 .debug_aranges
                0x00000578       0x90 CMakeFiles/teclado_matricial.dir/C_/Users/User/.pico-sdk/sdk/2.1.0/src/rp2_common/hardware_clocks/clocks.c.obj
 .debug_aranges
                0x00000608       0x28 CMakeFiles/teclado_matricial.dir/C_/Users/User/.pico-sdk/sdk/2.1.0/src/rp2_common/hardware_pll/pll.c.obj
 .debug_aranges
                0x00000630       0x30 CMakeFiles/teclado_matricial.dir/C_/Users/User/.pico-sdk/sdk/2.1.0/src/rp2_common/hardware_ticks/ticks.c.obj
 .debug_aranges
                0x00000660       0x40 CMakeFiles/teclado_matricial.dir/C_/Users/User/.pico-sdk/sdk/2.1.0/src/rp2_common/pico_bootrom/bootrom.c.obj
 .debug_aranges
                0x000006a0       0x30 CMakeFiles/teclado_matricial.dir/C_/Users/User/.pico-sdk/sdk/2.1.0/src/rp2_common/hardware_xosc/xosc.c.obj
 .debug_aranges
                0x000006d0       0x38 CMakeFiles/teclado_matricial.dir/C_/Users/User/.pico-sdk/sdk/2.1.0/src/rp2_common/pico_runtime/runtime.c.obj
 .debug_aranges
                0x00000708       0x48 CMakeFiles/teclado_matricial.dir/C_/Users/User/.pico-sdk/sdk/2.1.0/src/rp2_common/pico_runtime_init/runtime_init.c.obj
 .debug_aranges
                0x00000750       0x20 CMakeFiles/teclado_matricial.dir/C_/Users/User/.pico-sdk/sdk/2.1.0/src/rp2_common/pico_runtime_init/runtime_init_clocks.c.obj
 .debug_aranges
                0x00000770       0x60 CMakeFiles/teclado_matricial.dir/C_/Users/User/.pico-sdk/sdk/2.1.0/src/rp2_common/pico_bit_ops/bit_ops_aeabi.S.obj
 .debug_aranges
                0x000007d0       0x40 CMakeFiles/teclado_matricial.dir/C_/Users/User/.pico-sdk/sdk/2.1.0/src/rp2_common/pico_divider/divider_hardware.S.obj
 .debug_aranges
                0x00000810      0x140 CMakeFiles/teclado_matricial.dir/C_/Users/User/.pico-sdk/sdk/2.1.0/src/rp2_common/pico_double/double_aeabi_rp2040.S.obj
 .debug_aranges
                0x00000950       0x28 CMakeFiles/teclado_matricial.dir/C_/Users/User/.pico-sdk/sdk/2.1.0/src/rp2_common/pico_double/double_init_rom_rp2040.c.obj
 .debug_aranges
                0x00000978       0x20 CMakeFiles/teclado_matricial.dir/C_/Users/User/.pico-sdk/sdk/2.1.0/src/rp2_common/pico_double/double_v1_rom_shim_rp2040.S.obj
 .debug_aranges
                0x00000998       0x20 CMakeFiles/teclado_matricial.dir/C_/Users/User/.pico-sdk/sdk/2.1.0/src/rp2_common/pico_int64_ops/pico_int64_ops_aeabi.S.obj
 .debug_aranges
                0x000009b8      0x130 CMakeFiles/teclado_matricial.dir/C_/Users/User/.pico-sdk/sdk/2.1.0/src/rp2_common/pico_float/float_aeabi_rp2040.S.obj
 .debug_aranges
                0x00000ae8       0x28 CMakeFiles/teclado_matricial.dir/C_/Users/User/.pico-sdk/sdk/2.1.0/src/rp2_common/pico_float/float_init_rom_rp2040.c.obj
 .debug_aranges
                0x00000b10       0x38 CMakeFiles/teclado_matricial.dir/C_/Users/User/.pico-sdk/sdk/2.1.0/src/rp2_common/pico_mem_ops/mem_ops_aeabi.S.obj
 .debug_aranges
                0x00000b48       0x18 CMakeFiles/teclado_matricial.dir/C_/Users/User/.pico-sdk/sdk/2.1.0/src/rp2_common/pico_standard_binary_info/standard_binary_info.c.obj
 .debug_aranges
                0x00000b60       0x90 CMakeFiles/teclado_matricial.dir/C_/Users/User/.pico-sdk/sdk/2.1.0/src/rp2_common/pico_printf/printf.c.obj
 .debug_aranges
                0x00000bf0       0x28 CMakeFiles/teclado_matricial.dir/C_/Users/User/.pico-sdk/sdk/2.1.0/src/rp2_common/pico_crt0/crt0.S.obj
 .debug_aranges
                0x00000c18       0xa0 CMakeFiles/teclado_matricial.dir/C_/Users/User/.pico-sdk/sdk/2.1.0/src/rp2_common/pico_clib_interface/newlib_interface.c.obj
 .debug_aranges
                0x00000cb8       0xc8 CMakeFiles/teclado_matricial.dir/C_/Users/User/.pico-sdk/sdk/2.1.0/src/rp2_common/pico_stdio/stdio.c.obj

.debug_rnglists
                0x00000000     0x2ec2
 .debug_rnglists
                0x00000000      0x747 CMakeFiles/teclado_matricial.dir/teclado_matricial.c.obj
 .debug_rnglists
                0x00000747      0x5c7 CMakeFiles/teclado_matricial.dir/C_/Users/User/.pico-sdk/sdk/2.1.0/src/rp2_common/hardware_gpio/gpio.c.obj
 .debug_rnglists
                0x00000d0e       0x19 CMakeFiles/teclado_matricial.dir/C_/Users/User/.pico-sdk/sdk/2.1.0/src/rp2_common/pico_platform_panic/panic.c.obj
 .debug_rnglists
                0x00000d27       0xc5 CMakeFiles/teclado_matricial.dir/C_/Users/User/.pico-sdk/sdk/2.1.0/src/common/hardware_claim/claim.c.obj
 .debug_rnglists
                0x00000dec       0x67 CMakeFiles/teclado_matricial.dir/C_/Users/User/.pico-sdk/sdk/2.1.0/src/rp2_common/hardware_sync/sync.c.obj
 .debug_rnglists
                0x00000e53       0x3d CMakeFiles/teclado_matricial.dir/C_/Users/User/.pico-sdk/sdk/2.1.0/src/rp2_common/hardware_sync_spin_lock/sync_spin_lock.c.obj
 .debug_rnglists
                0x00000e90      0x355 CMakeFiles/teclado_matricial.dir/C_/Users/User/.pico-sdk/sdk/2.1.0/src/rp2_common/hardware_irq/irq.c.obj
 .debug_rnglists
                0x000011e5       0x1f CMakeFiles/teclado_matricial.dir/C_/Users/User/.pico-sdk/sdk/2.1.0/src/common/pico_sync/lock_core.c.obj
 .debug_rnglists
                0x00001204      0x32c CMakeFiles/teclado_matricial.dir/C_/Users/User/.pico-sdk/sdk/2.1.0/src/common/pico_sync/mutex.c.obj
 .debug_rnglists
                0x00001530      0x77c CMakeFiles/teclado_matricial.dir/C_/Users/User/.pico-sdk/sdk/2.1.0/src/common/pico_time/time.c.obj
 .debug_rnglists
                0x00001cac      0x2c6 CMakeFiles/teclado_matricial.dir/C_/Users/User/.pico-sdk/sdk/2.1.0/src/rp2_common/hardware_timer/timer.c.obj
 .debug_rnglists
                0x00001f72      0x4ad CMakeFiles/teclado_matricial.dir/C_/Users/User/.pico-sdk/sdk/2.1.0/src/rp2_common/hardware_clocks/clocks.c.obj
 .debug_rnglists
                0x0000241f       0x5c CMakeFiles/teclado_matricial.dir/C_/Users/User/.pico-sdk/sdk/2.1.0/src/rp2_common/hardware_pll/pll.c.obj
 .debug_rnglists
                0x0000247b       0x2b CMakeFiles/teclado_matricial.dir/C_/Users/User/.pico-sdk/sdk/2.1.0/src/rp2_common/hardware_ticks/ticks.c.obj
 .debug_rnglists
                0x000024a6      0x10c CMakeFiles/teclado_matricial.dir/C_/Users/User/.pico-sdk/sdk/2.1.0/src/rp2_common/pico_bootrom/bootrom.c.obj
 .debug_rnglists
                0x000025b2       0x2b CMakeFiles/teclado_matricial.dir/C_/Users/User/.pico-sdk/sdk/2.1.0/src/rp2_common/hardware_xosc/xosc.c.obj
 .debug_rnglists
                0x000025dd       0x3d CMakeFiles/teclado_matricial.dir/C_/Users/User/.pico-sdk/sdk/2.1.0/src/rp2_common/pico_runtime/runtime.c.obj
 .debug_rnglists
                0x0000261a       0x49 CMakeFiles/teclado_matricial.dir/C_/Users/User/.pico-sdk/sdk/2.1.0/src/rp2_common/pico_runtime_init/runtime_init.c.obj
 .debug_rnglists
                0x00002663       0x20 CMakeFiles/teclado_matricial.dir/C_/Users/User/.pico-sdk/sdk/2.1.0/src/rp2_common/pico_runtime_init/runtime_init_clocks.c.obj
 .debug_rnglists
                0x00002683       0x43 CMakeFiles/teclado_matricial.dir/C_/Users/User/.pico-sdk/sdk/2.1.0/src/rp2_common/pico_bit_ops/bit_ops_aeabi.S.obj
 .debug_rnglists
                0x000026c6       0x2c CMakeFiles/teclado_matricial.dir/C_/Users/User/.pico-sdk/sdk/2.1.0/src/rp2_common/pico_divider/divider_hardware.S.obj
 .debug_rnglists
                0x000026f2       0xec CMakeFiles/teclado_matricial.dir/C_/Users/User/.pico-sdk/sdk/2.1.0/src/rp2_common/pico_double/double_aeabi_rp2040.S.obj
 .debug_rnglists
                0x000027de       0x1a CMakeFiles/teclado_matricial.dir/C_/Users/User/.pico-sdk/sdk/2.1.0/src/rp2_common/pico_double/double_init_rom_rp2040.c.obj
 .debug_rnglists
                0x000027f8       0xdf CMakeFiles/teclado_matricial.dir/C_/Users/User/.pico-sdk/sdk/2.1.0/src/rp2_common/pico_float/float_aeabi_rp2040.S.obj
 .debug_rnglists
                0x000028d7       0x19 CMakeFiles/teclado_matricial.dir/C_/Users/User/.pico-sdk/sdk/2.1.0/src/rp2_common/pico_float/float_init_rom_rp2040.c.obj
 .debug_rnglists
                0x000028f0       0x25 CMakeFiles/teclado_matricial.dir/C_/Users/User/.pico-sdk/sdk/2.1.0/src/rp2_common/pico_mem_ops/mem_ops_aeabi.S.obj
 .debug_rnglists
                0x00002915      0x27c CMakeFiles/teclado_matricial.dir/C_/Users/User/.pico-sdk/sdk/2.1.0/src/rp2_common/pico_printf/printf.c.obj
 .debug_rnglists
                0x00002b91       0x1b CMakeFiles/teclado_matricial.dir/C_/Users/User/.pico-sdk/sdk/2.1.0/src/rp2_common/pico_crt0/crt0.S.obj
 .debug_rnglists
                0x00002bac       0x7f CMakeFiles/teclado_matricial.dir/C_/Users/User/.pico-sdk/sdk/2.1.0/src/rp2_common/pico_clib_interface/newlib_interface.c.obj
 .debug_rnglists
                0x00002c2b      0x297 CMakeFiles/teclado_matricial.dir/C_/Users/User/.pico-sdk/sdk/2.1.0/src/rp2_common/pico_stdio/stdio.c.obj

.debug_line     0x00000000    0x16a84
 .debug_line    0x00000000     0x29f1 CMakeFiles/teclado_matricial.dir/teclado_matricial.c.obj
 .debug_line    0x000029f1     0x1c8d CMakeFiles/teclado_matricial.dir/C_/Users/User/.pico-sdk/sdk/2.1.0/src/rp2_common/hardware_gpio/gpio.c.obj
 .debug_line    0x0000467e      0x284 CMakeFiles/teclado_matricial.dir/C_/Users/User/.pico-sdk/sdk/2.1.0/src/rp2_common/pico_platform_panic/panic.c.obj
 .debug_line    0x00004902      0x926 CMakeFiles/teclado_matricial.dir/C_/Users/User/.pico-sdk/sdk/2.1.0/src/common/hardware_claim/claim.c.obj
 .debug_line    0x00005228      0x4ca CMakeFiles/teclado_matricial.dir/C_/Users/User/.pico-sdk/sdk/2.1.0/src/rp2_common/hardware_sync/sync.c.obj
 .debug_line    0x000056f2      0x3b3 CMakeFiles/teclado_matricial.dir/C_/Users/User/.pico-sdk/sdk/2.1.0/src/rp2_common/hardware_sync_spin_lock/sync_spin_lock.c.obj
 .debug_line    0x00005aa5     0x170a CMakeFiles/teclado_matricial.dir/C_/Users/User/.pico-sdk/sdk/2.1.0/src/rp2_common/hardware_irq/irq.c.obj